Archive member included to satisfy reference by file (symbol)

C:/msys64/ucrt64/bin/../lib/gcc/x86_64-w64-mingw32/14.2.0/../../../../lib/libmingw32.a(lib64_libmingw32_a-gccmain.o)
                              C:/msys64/ucrt64/bin/../lib/gcc/x86_64-w64-mingw32/14.2.0/../../../../lib/crt2.o (__main)
C:/msys64/ucrt64/bin/../lib/gcc/x86_64-w64-mingw32/14.2.0/../../../../lib/libmingw32.a(lib64_libmingw32_a-natstart.o)
                              C:/msys64/ucrt64/bin/../lib/gcc/x86_64-w64-mingw32/14.2.0/../../../../lib/crt2.o (__native_startup_lock)
C:/msys64/ucrt64/bin/../lib/gcc/x86_64-w64-mingw32/14.2.0/../../../../lib/libmingw32.a(lib64_libmingw32_a-wildcard.o)
                              C:/msys64/ucrt64/bin/../lib/gcc/x86_64-w64-mingw32/14.2.0/../../../../lib/crt2.o (_dowildcard)
C:/msys64/ucrt64/bin/../lib/gcc/x86_64-w64-mingw32/14.2.0/../../../../lib/libmingw32.a(lib64_libmingw32_a-dllargv.o)
                              C:/msys64/ucrt64/bin/../lib/gcc/x86_64-w64-mingw32/14.2.0/../../../../lib/crt2.o (_setargv)
C:/msys64/ucrt64/bin/../lib/gcc/x86_64-w64-mingw32/14.2.0/../../../../lib/libmingw32.a(lib64_libmingw32_a-_newmode.o)
                              C:/msys64/ucrt64/bin/../lib/gcc/x86_64-w64-mingw32/14.2.0/../../../../lib/crt2.o (_newmode)
C:/msys64/ucrt64/bin/../lib/gcc/x86_64-w64-mingw32/14.2.0/../../../../lib/libmingw32.a(lib64_libmingw32_a-tlssup.o)
                              C:/msys64/ucrt64/bin/../lib/gcc/x86_64-w64-mingw32/14.2.0/../../../../lib/crt2.o (__mingw_initltssuo_force)
C:/msys64/ucrt64/bin/../lib/gcc/x86_64-w64-mingw32/14.2.0/../../../../lib/libmingw32.a(lib64_libmingw32_a-xncommod.o)
                              C:/msys64/ucrt64/bin/../lib/gcc/x86_64-w64-mingw32/14.2.0/../../../../lib/crt2.o (_commode)
C:/msys64/ucrt64/bin/../lib/gcc/x86_64-w64-mingw32/14.2.0/../../../../lib/libmingw32.a(lib64_libmingw32_a-cinitexe.o)
                              C:/msys64/ucrt64/bin/../lib/gcc/x86_64-w64-mingw32/14.2.0/../../../../lib/crt2.o (__xc_z)
C:/msys64/ucrt64/bin/../lib/gcc/x86_64-w64-mingw32/14.2.0/../../../../lib/libmingw32.a(lib64_libmingw32_a-merr.o)
                              C:/msys64/ucrt64/bin/../lib/gcc/x86_64-w64-mingw32/14.2.0/../../../../lib/crt2.o (_matherr)
C:/msys64/ucrt64/bin/../lib/gcc/x86_64-w64-mingw32/14.2.0/../../../../lib/libmingw32.a(lib64_libmingw32_a-CRT_fp10.o)
                              C:/msys64/ucrt64/bin/../lib/gcc/x86_64-w64-mingw32/14.2.0/../../../../lib/crt2.o (_fpreset)
C:/msys64/ucrt64/bin/../lib/gcc/x86_64-w64-mingw32/14.2.0/../../../../lib/libmingw32.a(lib64_libmingw32_a-mingw_helpers.o)
                              C:/msys64/ucrt64/bin/../lib/gcc/x86_64-w64-mingw32/14.2.0/../../../../lib/crt2.o (__mingw_app_type)
C:/msys64/ucrt64/bin/../lib/gcc/x86_64-w64-mingw32/14.2.0/../../../../lib/libmingw32.a(lib64_libmingw32_a-pseudo-reloc.o)
                              C:/msys64/ucrt64/bin/../lib/gcc/x86_64-w64-mingw32/14.2.0/../../../../lib/crt2.o (_pei386_runtime_relocator)
C:/msys64/ucrt64/bin/../lib/gcc/x86_64-w64-mingw32/14.2.0/../../../../lib/libmingw32.a(lib64_libmingw32_a-usermatherr.o)
                              C:/msys64/ucrt64/bin/../lib/gcc/x86_64-w64-mingw32/14.2.0/../../../../lib/crt2.o (__mingw_setusermatherr)
C:/msys64/ucrt64/bin/../lib/gcc/x86_64-w64-mingw32/14.2.0/../../../../lib/libmingw32.a(lib64_libmingw32_a-xtxtmode.o)
                              C:/msys64/ucrt64/bin/../lib/gcc/x86_64-w64-mingw32/14.2.0/../../../../lib/crt2.o (_fmode)
C:/msys64/ucrt64/bin/../lib/gcc/x86_64-w64-mingw32/14.2.0/../../../../lib/libmingw32.a(lib64_libmingw32_a-crt_handler.o)
                              C:/msys64/ucrt64/bin/../lib/gcc/x86_64-w64-mingw32/14.2.0/../../../../lib/crt2.o (_gnu_exception_handler)
C:/msys64/ucrt64/bin/../lib/gcc/x86_64-w64-mingw32/14.2.0/../../../../lib/libmingw32.a(lib64_libmingw32_a-tlsthrd.o)
                              C:/msys64/ucrt64/bin/../lib/gcc/x86_64-w64-mingw32/14.2.0/../../../../lib/libmingw32.a(lib64_libmingw32_a-tlssup.o) (__mingw_TLScallback)
C:/msys64/ucrt64/bin/../lib/gcc/x86_64-w64-mingw32/14.2.0/../../../../lib/libmingw32.a(lib64_libmingw32_a-tlsmcrt.o)
                              C:/msys64/ucrt64/bin/../lib/gcc/x86_64-w64-mingw32/14.2.0/../../../../lib/libmingw32.a(lib64_libmingw32_a-tlssup.o) (_CRT_MT)
C:/msys64/ucrt64/bin/../lib/gcc/x86_64-w64-mingw32/14.2.0/../../../../lib/libmingw32.a(lib64_libmingw32_a-pseudo-reloc-list.o)
                              C:/msys64/ucrt64/bin/../lib/gcc/x86_64-w64-mingw32/14.2.0/../../../../lib/libmingw32.a(lib64_libmingw32_a-pseudo-reloc.o) (__RUNTIME_PSEUDO_RELOC_LIST__)
C:/msys64/ucrt64/bin/../lib/gcc/x86_64-w64-mingw32/14.2.0/../../../../lib/libmingw32.a(lib64_libmingw32_a-pesect.o)
                              C:/msys64/ucrt64/bin/../lib/gcc/x86_64-w64-mingw32/14.2.0/../../../../lib/libmingw32.a(lib64_libmingw32_a-pseudo-reloc.o) (__mingw_GetSectionForAddress)
C:/msys64/ucrt64/bin/../lib/gcc/x86_64-w64-mingw32/14.2.0/libgcc.a(_chkstk_ms.o)
[...]
Memory Configuration

Name             Origin             Length             Attributes
*default*        0x0000000000000000 0xffffffffffffffff

Linker script and memory map

                0x0000000140000000                __image_base__ = 0x140000000
                0x0000000000000000                __dll__ = 0x0
                0x0000000140000000                __ImageBase = 0x140000000
                0x0000000000001000                __section_alignment__ = 0x1000
                0x0000000000000200                __file_alignment__ = 0x200
                0x0000000000000004                __major_os_version__ = 0x4
                0x0000000000000000                __minor_os_version__ = 0x0
                0x0000000000000000                __major_image_version__ = 0x0
                0x0000000000000000                __minor_image_version__ = 0x0
                0x0000000000000005                __major_subsystem_version__ = 0x5
                0x0000000000000002                __minor_subsystem_version__ = 0x2
                0x0000000000000003                __subsystem__ = 0x3
                0x0000000000200000                __size_of_stack_reserve__ = 0x200000
                0x0000000000001000                __size_of_stack_commit__ = 0x1000
                0x0000000000100000                __size_of_heap_reserve__ = 0x100000
                0x0000000000001000                __size_of_heap_commit__ = 0x1000
                0x0000000000000000                __loader_flags__ = 0x0
                0x0000000000000160                __dll_characteristics__ = 0x160
LOAD C:/msys64/ucrt64/bin/../lib/gcc/x86_64-w64-mingw32/14.2.0/../../../../lib/crt2.o
LOAD C:/msys64/ucrt64/bin/../lib/gcc/x86_64-w64-mingw32/14.2.0/crtbegin.o
LOAD build/windows/main.o
LOAD build/windows/emu.o
LOAD build/windows/cart.o
LOAD build/windows/cpu.o
LOAD build/windows/cpu_fetch.o
LOAD build/windows/cpu_proc.o
LOAD build/windows/cpu_util.o
LOAD build/windows/instructions.o
LOAD build/windows/interrupts.o
LOAD build/windows/ram.o
LOAD build/windows/ppu.o
LOAD build/windows/stack.o
LOAD build/windows/timer.o
LOAD build/windows/ui.o
LOAD build/windows/bus.o
LOAD build/windows/SDL2.dll
LOAD build/windows/SDL2_ttf.dll
LOAD build/windows/libfreetype-6.dll
LOAD C:/msys64/ucrt64/bin/../lib/gcc/x86_64-w64-mingw32/14.2.0/../../../../lib/libmingw32.a
LOAD C:/msys64/ucrt64/bin/../lib/gcc/x86_64-w64-mingw32/14.2.0/libgcc.a
LOAD C:/msys64/ucrt64/bin/../lib/gcc/x86_64-w64-mingw32/14.2.0/libgcc_eh.a
LOAD C:/msys64/ucrt64/bin/../lib/gcc/x86_64-w64-mingw32/14.2.0/../../../../lib/libmingwex.a
LOAD C:/msys64/ucrt64/bin/../lib/gcc/x86_64-w64-mingw32/14.2.0/../../../../lib/libmsvcrt.a
LOAD C:/msys64/ucrt64/bin/../lib/gcc/x86_64-w64-mingw32/14.2.0/../../../../lib/libkernel32.a
LOAD C:/msys64/ucrt64/bin/../lib/gcc/x86_64-w64-mingw32/14.2.0/../../../../lib/libpthread.dll.a
LOAD C:/msys64/ucrt64/bin/../lib/gcc/x86_64-w64-mingw32/14.2.0/../../../../lib/libadvapi32.a
LOAD C:/msys64/ucrt64/bin/../lib/gcc/x86_64-w64-mingw32/14.2.0/../../../../lib/libshell32.a
LOAD C:/msys64/ucrt64/bin/../lib/gcc/x86_64-w64-mingw32/14.2.0/../../../../lib/libuser32.a
LOAD C:/msys64/ucrt64/bin/../lib/gcc/x86_64-w64-mingw32/14.2.0/../../../../lib/libkernel32.a
LOAD C:/msys64/ucrt64/bin/../lib/gcc/x86_64-w64-mingw32/14.2.0/../../../../lib/libmingw32.a
LOAD C:/msys64/ucrt64/bin/../lib/gcc/x86_64-w64-mingw32/14.2.0/libgcc.a
LOAD C:/msys64/ucrt64/bin/../lib/gcc/x86_64-w64-mingw32/14.2.0/libgcc_eh.a
LOAD C:/msys64/ucrt64/bin/../lib/gcc/x86_64-w64-mingw32/14.2.0/../../../../lib/libmingwex.a
LOAD C:/msys64/ucrt64/bin/../lib/gcc/x86_64-w64-mingw32/14.2.0/../../../../lib/libmsvcrt.a
LOAD C:/msys64/ucrt64/bin/../lib/gcc/x86_64-w64-mingw32/14.2.0/../../../../lib/libkernel32.a
LOAD C:/msys64/ucrt64/bin/../lib/gcc/x86_64-w64-mingw32/14.2.0/../../../../lib/default-manifest.o
LOAD C:/msys64/ucrt64/bin/../lib/gcc/x86_64-w64-mingw32/14.2.0/crtend.o
                0x00000000000004a8                . = SIZEOF_HEADERS
                0x0000000000001000                . = ALIGN (__section_alignment__)

.text           0x0000000140001000     0x5000
 *(SORT_NONE(.init))
 *(.text)
 .text          0x0000000140001000      0x410 C:/msys64/ucrt64/bin/../lib/gcc/x86_64-w64-mingw32/14.2.0/../../../../lib/crt2.o
                0x00000001400013c0                WinMainCRTStartup
                0x00000001400013e0                mainCRTStartup
                0x0000000140001400                atexit
 .text          0x0000000140001410       0x20 C:/msys64/ucrt64/bin/../lib/gcc/x86_64-w64-mingw32/14.2.0/crtbegin.o
                0x0000000140001410                __gcc_register_frame
                0x0000000140001420                __gcc_deregister_frame
 .text          0x0000000140001430       0x30 build/windows/main.o
                0x0000000140001430                main
 .text          0x0000000140001460      0x1b0 build/windows/emu.o
                0x0000000140001460                emu_get_context
                0x000000014000146d                cpu_run
                0x00000001400014fa                emu_run
                0x00000001400015f9                emu_cycles
 .text          0x0000000140001610      0x3a0 build/windows/cart.o
                0x0000000140001610                cart_lic_name
                0x0000000140001653                cart_type_name
                0x0000000140001694                cart_load
                0x0000000140001927                cart_read
                0x0000000140001944                cart_write
 .text          0x00000001400019b0      0x370 build/windows/cpu.o
                0x00000001400019b0                cpu_init
                0x0000000140001a7e                cpu_step
                0x0000000140001cfa                cpu_get_ie_register
                0x0000000140001d07                cpu_set_ie_register
 .text          0x0000000140001d20      0x7b0 build/windows/cpu_fetch.o
                0x0000000140001d20                fetch_data
 .text          0x00000001400024d0     0x1920 build/windows/cpu_proc.o
                0x00000001400024d0                cpu_set_flags
                0x0000000140002607                decode_reg
                0x0000000140003dcf                inst_get_processor
 .text          0x0000000140003df0      0x580 build/windows/cpu_util.o
                0x0000000140003df0                reverse
                0x0000000140003e0f                cpu_read_reg
                0x0000000140003f67                cpu_set_reg
                0x00000001400040e2                cpu_read_reg8
                0x00000001400041f5                cpu_set_reg8
                0x0000000140004333                cpu_get_regs
                0x0000000140004340                cpu_get_int_flags
                0x0000000140004351                cpu_set_int_flags
 .text          0x0000000140004370       0x50 build/windows/instructions.o
                0x0000000140004370                instruction_by_opcode
                0x0000000140004399                inst_name
 .text          0x00000001400043c0      0x150 build/windows/interrupts.o
                0x00000001400043c0                int_handle
                0x00000001400043f7                int_check
                0x0000000140004479                cpu_handle_interrupts
 .text          0x0000000140004510       0xd0 build/windows/ram.o
                0x0000000140004510                wram_read
                0x0000000140004567                wram_write
                0x0000000140004593                hram_read
                0x00000001400045b5                hram_write
 .text          0x00000001400045e0       0x10 build/windows/ppu.o
                0x00000001400045e0                ppu_init
                0x00000001400045e7                ppu_tick
 .text          0x00000001400045f0       0xe0 build/windows/stack.o
                0x00000001400045f0                stack_push
                0x0000000140004631                stack_push16
                0x0000000140004666                stack_pop
                0x000000014000468e                stack_pop16
 .text          0x00000001400046d0       0x10 build/windows/timer.o
                0x00000001400046d0                timer_init
                0x00000001400046d7                timer_tick
 .text          0x00000001400046e0       0xc0 build/windows/ui.o
                0x00000001400046e0                ui_init
                0x0000000140004744                delay
                0x0000000140004760                ui_handle_events
 .text          0x00000001400047a0      0x2c0 build/windows/bus.o
                0x00000001400047a0                bus_read
                0x00000001400048cb                bus_write
                0x00000001400049ca                bus_read16
                0x0000000140004a17                bus_write16
 .text          0x0000000140004a60       0xf0 C:/msys64/ucrt64/bin/../lib/gcc/x86_64-w64-mingw32/14.2.0/../../../../lib/libmingw32.a(lib64_libmingw32_a-gccmain.o)
                0x0000000140004a60                __do_global_dtors
                0x0000000140004ab0                __do_global_ctors
                0x0000000140004b30                __main
 .text          0x0000000140004b50        0x0 C:/msys64/ucrt64/bin/../lib/gcc/x86_64-w64-mingw32/14.2.0/../../../../lib/libmingw32.a(lib64_libmingw32_a-natstart.o)
 .text          0x0000000140004b50        0x0 C:/msys64/ucrt64/bin/../lib/gcc/x86_64-w64-mingw32/14.2.0/../../../../lib/libmingw32.a(lib64_libmingw32_a-wildcard.o)
 .text          0x0000000140004b50       0x10 C:/msys64/ucrt64/bin/../lib/gcc/x86_64-w64-mingw32/14.2.0/../../../../lib/libmingw32.a(lib64_libmingw32_a-dllargv.o)
                0x0000000140004b50                _setargv
 .text          0x0000000140004b60        0x0 C:/msys64/ucrt64/bin/../lib/gcc/x86_64-w64-mingw32/14.2.0/../../../../lib/libmingw32.a(lib64_libmingw32_a-_newmode.o)
 .text          0x0000000140004b60       0xb0 C:/msys64/ucrt64/bin/../lib/gcc/x86_64-w64-mingw32/14.2.0/../../../../lib/libmingw32.a(lib64_libmingw32_a-tlssup.o)
                0x0000000140004b60                __dyn_tls_dtor
                0x0000000140004b80                __dyn_tls_init
                0x0000000140004c00                __tlregdtor
 .text          0x0000000140004c10        0x0 C:/msys64/ucrt64/bin/../lib/gcc/x86_64-w64-mingw32/14.2.0/../../../../lib/libmingw32.a(lib64_libmingw32_a-xncommod.o)
 .text          0x0000000140004c10        0x0 C:/msys64/ucrt64/bin/../lib/gcc/x86_64-w64-mingw32/14.2.0/../../../../lib/libmingw32.a(lib64_libmingw32_a-cinitexe.o)
 .text          0x0000000140004c10      0x100 C:/msys64/ucrt64/bin/../lib/gcc/x86_64-w64-mingw32/14.2.0/../../../../lib/libmingw32.a(lib64_libmingw32_a-merr.o)
                0x0000000140004c10                _matherr
 .text          0x0000000140004d10       0x10 C:/msys64/ucrt64/bin/../lib/gcc/x86_64-w64-mingw32/14.2.0/../../../../lib/libmingw32.a(lib64_libmingw32_a-CRT_fp10.o)
                0x0000000140004d10                fpreset
                0x0000000140004d10                _fpreset
 .text          0x0000000140004d20        0x0 C:/msys64/ucrt64/bin/../lib/gcc/x86_64-w64-mingw32/14.2.0/../../../../lib/libmingw32.a(lib64_libmingw32_a-mingw_helpers.o)
 .text          0x0000000140004d20      0x550 C:/msys64/ucrt64/bin/../lib/gcc/x86_64-w64-mingw32/14.2.0/../../../../lib/libmingw32.a(lib64_libmingw32_a-pseudo-reloc.o)
                0x0000000140004f00                _pei386_runtime_relocator
 .text          0x0000000140005270       0x50 C:/msys64/ucrt64/bin/../lib/gcc/x86_64-w64-mingw32/14.2.0/../../../../lib/libmingw32.a(lib64_libmingw32_a-usermatherr.o)
                0x0000000140005270                __mingw_raise_matherr
                0x00000001400052b0                __mingw_setusermatherr
 .text          0x00000001400052c0        0x0 C:/msys64/ucrt64/bin/../lib/gcc/x86_64-w64-mingw32/14.2.0/../../../../lib/libmingw32.a(lib64_libmingw32_a-xtxtmode.o)
 .text          0x00000001400052c0      0x1c0 C:/msys64/ucrt64/bin/../lib/gcc/x86_64-w64-mingw32/14.2.0/../../../../lib/libmingw32.a(lib64_libmingw32_a-crt_handler.o)
                0x00000001400052c0                _gnu_exception_handler
 .text          0x0000000140005480      0x2a0 C:/msys64/ucrt64/bin/../lib/gcc/x86_64-w64-mingw32/14.2.0/../../../../lib/libmingw32.a(lib64_libmingw32_a-tlsthrd.o)
                0x0000000140005500                ___w64_mingwthr_add_key_dtor
                0x0000000140005570                ___w64_mingwthr_remove_key_dtor
                0x0000000140005610                __mingw_TLScallback
 .text          0x0000000140005720        0x0 C:/msys64/ucrt64/bin/../lib/gcc/x86_64-w64-mingw32/14.2.0/../../../../lib/libmingw32.a(lib64_libmingw32_a-tlsmcrt.o)
 .text          0x0000000140005720        0x0 C:/msys64/ucrt64/bin/../lib/gcc/x86_64-w64-mingw32/14.2.0/../../../../lib/libmingw32.a(lib64_libmingw32_a-pseudo-reloc-list.o)
 .text          0x0000000140005720      0x400 C:/msys64/ucrt64/bin/../lib/gcc/x86_64-w64-mingw32/14.2.0/../../../../lib/libmingw32.a(lib64_libmingw32_a-pesect.o)
                0x0000000140005720                _ValidateImageBase
                0x0000000140005750                _FindPESection
                0x00000001400057a0                _FindPESectionByName
                0x0000000140005840                __mingw_GetSectionForAddress
                0x00000001400058c0                __mingw_GetSectionCount
                0x0000000140005900                _FindPESectionExec
                0x0000000140005980                _GetPEImageBase
                0x00000001400059c0                _IsNonwritableInCurrentImage
                0x0000000140005a50                __mingw_enum_import_library_names
 .text          0x0000000140005b20       0x40 C:/msys64/ucrt64/bin/../lib/gcc/x86_64-w64-mingw32/14.2.0/libgcc.a(_chkstk_ms.o)
                0x0000000140005b20                ___chkstk_ms
 .text          0x0000000140005b60        0x0 C:/msys64/ucrt64/bin/../lib/gcc/x86_64-w64-mingw32/14.2.0/libgcc.a(_ctors.o)
 .text          0x0000000140005b60        0x0 C:/msys64/ucrt64/bin/../lib/gcc/x86_64-w64-mingw32/14.2.0/../../../../lib/libmingwex.a(lib64_libmingwex_a-mingw_matherr.o)
 .text          0x0000000140005b60       0x30 C:/msys64/ucrt64/bin/../lib/gcc/x86_64-w64-mingw32/14.2.0/../../../../lib/libmingwex.a(lib64_libmingwex_a-mingw_usleep.o)
                0x0000000140005b60                usleep
 .text          0x0000000140005b90       0x30 C:/msys64/ucrt64/bin/../lib/gcc/x86_64-w64-mingw32/14.2.0/../../../../lib/libmsvcrt.a(lib64_libucrt_extra_a-ucrt_vfprintf.o)
                0x0000000140005b90                vfprintf
 .text          0x0000000140005bc0       0x50 C:/msys64/ucrt64/bin/../lib/gcc/x86_64-w64-mingw32/14.2.0/../../../../lib/libmsvcrt.a(lib64_libucrt_extra_a-ucrt_sprintf.o)
                0x0000000140005bc0                sprintf
 .text          0x0000000140005c10       0x40 C:/msys64/ucrt64/bin/../lib/gcc/x86_64-w64-mingw32/14.2.0/../../../../lib/libmsvcrt.a(lib64_libucrt_extra_a-ucrt_snprintf.o)
                0x0000000140005c10                snprintf
 .text          0x0000000140005c50       0x50 C:/msys64/ucrt64/bin/../lib/gcc/x86_64-w64-mingw32/14.2.0/../../../../lib/libmsvcrt.a(lib64_libucrt_extra_a-ucrt_printf.o)
                0x0000000140005c50                printf
 .text          0x0000000140005ca0       0x40 C:/msys64/ucrt64/bin/../lib/gcc/x86_64-w64-mingw32/14.2.0/../../../../lib/libmsvcrt.a(lib64_libucrt_extra_a-ucrt_fprintf.o)
                0x0000000140005ca0                fprintf
 .text          0x0000000140005ce0       0x10 C:/msys64/ucrt64/bin/../lib/gcc/x86_64-w64-mingw32/14.2.0/../../../../lib/libmsvcrt.a(lib64_libucrt_extra_a-__p___initenv.o)
                0x0000000140005ce0                __p___initenv
 .text          0x0000000140005cf0       0x30 C:/msys64/ucrt64/bin/../lib/gcc/x86_64-w64-mingw32/14.2.0/../../../../lib/libmsvcrt.a(lib64_libucrt_extra_a-ucrt_amsg_exit.o)
                0x0000000140005cf0                _amsg_exit
 .text          0x0000000140005d20       0x60 C:/msys64/ucrt64/bin/../lib/gcc/x86_64-w64-mingw32/14.2.0/../../../../lib/libmsvcrt.a(lib64_libucrt_extra_a-ucrt__getmainargs.o)
                0x0000000140005d20                __getmainargs
 .text          0x0000000140005d80        0x8 C:/msys64/ucrt64/bin/../lib/gcc/x86_64-w64-mingw32/14.2.0/../../../../lib/libmsvcrt.a(libapi-ms-win-crt-string-l1-1-0s00167.o)
                0x0000000140005d80                strlen
 .text          0x0000000140005d88        0x8 C:/msys64/ucrt64/bin/../lib/gcc/x86_64-w64-mingw32/14.2.0/../../../../lib/libmsvcrt.a(libapi-ms-win-crt-string-l1-1-0s00170.o)
                0x0000000140005d88                strncmp
 .text          0x0000000140005d90        0x0 C:/msys64/ucrt64/bin/../lib/gcc/x86_64-w64-mingw32/14.2.0/../../../../lib/libmsvcrt.a(libapi-ms-win-crt-string-l1-1-0h.o)
 .text          0x0000000140005d90        0x0 C:/msys64/ucrt64/bin/../lib/gcc/x86_64-w64-mingw32/14.2.0/../../../../lib/libmsvcrt.a(libapi-ms-win-crt-string-l1-1-0t.o)
 .text          0x0000000140005d90        0x8 C:/msys64/ucrt64/bin/../lib/gcc/x86_64-w64-mingw32/14.2.0/../../../../lib/libmsvcrt.a(libapi-ms-win-crt-stdio-l1-1-0s00000.o)
                0x0000000140005d90                __acrt_iob_func
 .text          0x0000000140005d98        0x8 C:/msys64/ucrt64/bin/../lib/gcc/x86_64-w64-mingw32/14.2.0/../../../../lib/libmsvcrt.a(libapi-ms-win-crt-stdio-l1-1-0s00001.o)
                0x0000000140005d98                __p__commode
 .text          0x0000000140005da0        0x8 C:/msys64/ucrt64/bin/../lib/gcc/x86_64-w64-mingw32/14.2.0/../../../../lib/libmsvcrt.a(libapi-ms-win-crt-stdio-l1-1-0s00002.o)
                0x0000000140005da0                __p__fmode
 .text          0x0000000140005da8        0x8 C:/msys64/ucrt64/bin/../lib/gcc/x86_64-w64-mingw32/14.2.0/../../../../lib/libmsvcrt.a(libapi-ms-win-crt-stdio-l1-1-0s00003.o)
                0x0000000140005da8                __stdio_common_vfprintf
 .text          0x0000000140005db0        0x8 C:/msys64/ucrt64/bin/../lib/gcc/x86_64-w64-mingw32/14.2.0/../../../../lib/libmsvcrt.a(libapi-ms-win-crt-stdio-l1-1-0s00013.o)
                0x0000000140005db0                __stdio_common_vsprintf
 .text          0x0000000140005db8        0x8 C:/msys64/ucrt64/bin/../lib/gcc/x86_64-w64-mingw32/14.2.0/../../../../lib/libmsvcrt.a(libapi-ms-win-crt-stdio-l1-1-0s00147.o)
                0x0000000140005db8                fclose
 .text          0x0000000140005dc0        0x8 C:/msys64/ucrt64/bin/../lib/gcc/x86_64-w64-mingw32/14.2.0/../../../../lib/libmsvcrt.a(libapi-ms-win-crt-stdio-l1-1-0s00157.o)
                0x0000000140005dc0                fopen
 .text          0x0000000140005dc8        0x8 C:/msys64/ucrt64/bin/../lib/gcc/x86_64-w64-mingw32/14.2.0/../../../../lib/libmsvcrt.a(libapi-ms-win-crt-stdio-l1-1-0s00163.o)
                0x0000000140005dc8                fread
 .text          0x0000000140005dd0        0x8 C:/msys64/ucrt64/bin/../lib/gcc/x86_64-w64-mingw32/14.2.0/../../../../lib/libmsvcrt.a(libapi-ms-win-crt-stdio-l1-1-0s00167.o)
                0x0000000140005dd0                fseek
 .text          0x0000000140005dd8        0x8 C:/msys64/ucrt64/bin/../lib/gcc/x86_64-w64-mingw32/14.2.0/../../../../lib/libmsvcrt.a(libapi-ms-win-crt-stdio-l1-1-0s00170.o)
                0x0000000140005dd8                ftell
 .text          0x0000000140005de0        0x8 C:/msys64/ucrt64/bin/../lib/gcc/x86_64-w64-mingw32/14.2.0/../../../../lib/libmsvcrt.a(libapi-ms-win-crt-stdio-l1-1-0s00171.o)
                0x0000000140005de0                fwrite
 .text          0x0000000140005de8        0x8 C:/msys64/ucrt64/bin/../lib/gcc/x86_64-w64-mingw32/14.2.0/../../../../lib/libmsvcrt.a(libapi-ms-win-crt-stdio-l1-1-0s00180.o)
                0x0000000140005de8                puts
 .text          0x0000000140005df0        0x8 C:/msys64/ucrt64/bin/../lib/gcc/x86_64-w64-mingw32/14.2.0/../../../../lib/libmsvcrt.a(libapi-ms-win-crt-stdio-l1-1-0s00183.o)
                0x0000000140005df0                rewind
 *fill*         0x0000000140005df8        0x8 
 .text          0x0000000140005e00        0x0 C:/msys64/ucrt64/bin/../lib/gcc/x86_64-w64-mingw32/14.2.0/../../../../lib/libmsvcrt.a(libapi-ms-win-crt-stdio-l1-1-0h.o)
 .text          0x0000000140005e00        0x0 C:/msys64/ucrt64/bin/../lib/gcc/x86_64-w64-mingw32/14.2.0/../../../../lib/libmsvcrt.a(libapi-ms-win-crt-stdio-l1-1-0t.o)
 .text          0x0000000140005e00        0x8 C:/msys64/ucrt64/bin/../lib/gcc/x86_64-w64-mingw32/14.2.0/../../../../lib/libmsvcrt.a(libapi-ms-win-crt-runtime-l1-1-0s00004.o)
                0x0000000140005e00                __p___argc
 .text          0x0000000140005e08        0x8 C:/msys64/ucrt64/bin/../lib/gcc/x86_64-w64-mingw32/14.2.0/../../../../lib/libmsvcrt.a(libapi-ms-win-crt-runtime-l1-1-0s00005.o)
                0x0000000140005e08                __p___argv
 .text          0x0000000140005e10        0x8 C:/msys64/ucrt64/bin/../lib/gcc/x86_64-w64-mingw32/14.2.0/../../../../lib/libmsvcrt.a(libapi-ms-win-crt-runtime-l1-1-0s00022.o)
                0x0000000140005e10                _cexit
 .text          0x0000000140005e18        0x8 C:/msys64/ucrt64/bin/../lib/gcc/x86_64-w64-mingw32/14.2.0/../../../../lib/libmsvcrt.a(libapi-ms-win-crt-runtime-l1-1-0s00024.o)
                0x0000000140005e18                _configure_narrow_argv
 .text          0x0000000140005e20        0x8 C:/msys64/ucrt64/bin/../lib/gcc/x86_64-w64-mingw32/14.2.0/../../../../lib/libmsvcrt.a(libapi-ms-win-crt-runtime-l1-1-0s00030.o)
                0x0000000140005e20                _crt_atexit
 .text          0x0000000140005e28        0x8 C:/msys64/ucrt64/bin/../lib/gcc/x86_64-w64-mingw32/14.2.0/../../../../lib/libmsvcrt.a(libapi-ms-win-crt-runtime-l1-1-0s00036.o)
                0x0000000140005e28                _exit
 .text          0x0000000140005e30        0x8 C:/msys64/ucrt64/bin/../lib/gcc/x86_64-w64-mingw32/14.2.0/../../../../lib/libmsvcrt.a(libapi-ms-win-crt-runtime-l1-1-0s00053.o)
                0x0000000140005e30                _initialize_narrow_environment
 .text          0x0000000140005e38        0x8 C:/msys64/ucrt64/bin/../lib/gcc/x86_64-w64-mingw32/14.2.0/../../../../lib/libmsvcrt.a(libapi-ms-win-crt-runtime-l1-1-0s00056.o)
                0x0000000140005e38                _initterm
 .text          0x0000000140005e40        0x8 C:/msys64/ucrt64/bin/../lib/gcc/x86_64-w64-mingw32/14.2.0/../../../../lib/libmsvcrt.a(libapi-ms-win-crt-runtime-l1-1-0s00068.o)
                0x0000000140005e40                __set_app_type
 .text          0x0000000140005e48        0x8 C:/msys64/ucrt64/bin/../lib/gcc/x86_64-w64-mingw32/14.2.0/../../../../lib/libmsvcrt.a(libapi-ms-win-crt-runtime-l1-1-0s00074.o)
                0x0000000140005e48                _set_invalid_parameter_handler
 .text          0x0000000140005e50        0x8 C:/msys64/ucrt64/bin/../lib/gcc/x86_64-w64-mingw32/14.2.0/../../../../lib/libmsvcrt.a(libapi-ms-win-crt-runtime-l1-1-0s00087.o)
                0x0000000140005e50                abort
 .text          0x0000000140005e58        0x8 C:/msys64/ucrt64/bin/../lib/gcc/x86_64-w64-mingw32/14.2.0/../../../../lib/libmsvcrt.a(libapi-ms-win-crt-runtime-l1-1-0s00088.o)
                0x0000000140005e58                exit
 .text          0x0000000140005e60        0x8 C:/msys64/ucrt64/bin/../lib/gcc/x86_64-w64-mingw32/14.2.0/../../../../lib/libmsvcrt.a(libapi-ms-win-crt-runtime-l1-1-0s00102.o)
                0x0000000140005e60                signal
 *fill*         0x0000000140005e68        0x8 
 .text          0x0000000140005e70        0x0 C:/msys64/ucrt64/bin/../lib/gcc/x86_64-w64-mingw32/14.2.0/../../../../lib/libmsvcrt.a(libapi-ms-win-crt-runtime-l1-1-0h.o)
 .text          0x0000000140005e70        0x0 C:/msys64/ucrt64/bin/../lib/gcc/x86_64-w64-mingw32/14.2.0/../../../../lib/libmsvcrt.a(libapi-ms-win-crt-runtime-l1-1-0t.o)
 .text          0x0000000140005e70        0x8 C:/msys64/ucrt64/bin/../lib/gcc/x86_64-w64-mingw32/14.2.0/../../../../lib/libmsvcrt.a(libapi-ms-win-crt-private-l1-1-0s00015.o)
                0x0000000140005e70                __C_specific_handler
 .text          0x0000000140005e78        0x8 C:/msys64/ucrt64/bin/../lib/gcc/x86_64-w64-mingw32/14.2.0/../../../../lib/libmsvcrt.a(libapi-ms-win-crt-private-l1-1-0s01143.o)
                0x0000000140005e78                memcpy
 .text          0x0000000140005e80        0x0 C:/msys64/ucrt64/bin/../lib/gcc/x86_64-w64-mingw32/14.2.0/../../../../lib/libmsvcrt.a(libapi-ms-win-crt-private-l1-1-0h.o)
 .text          0x0000000140005e80        0x0 C:/msys64/ucrt64/bin/../lib/gcc/x86_64-w64-mingw32/14.2.0/../../../../lib/libmsvcrt.a(libapi-ms-win-crt-private-l1-1-0t.o)
 .text          0x0000000140005e80        0x8 C:/msys64/ucrt64/bin/../lib/gcc/x86_64-w64-mingw32/14.2.0/../../../../lib/libmsvcrt.a(libapi-ms-win-crt-math-l1-1-0s00009.o)
                0x0000000140005e80                __setusermatherr
 *fill*         0x0000000140005e88        0x8 
 .text          0x0000000140005e90        0x0 C:/msys64/ucrt64/bin/../lib/gcc/x86_64-w64-mingw32/14.2.0/../../../../lib/libmsvcrt.a(libapi-ms-win-crt-math-l1-1-0h.o)
 .text          0x0000000140005e90        0x0 C:/msys64/ucrt64/bin/../lib/gcc/x86_64-w64-mingw32/14.2.0/../../../../lib/libmsvcrt.a(libapi-ms-win-crt-math-l1-1-0t.o)
 .text          0x0000000140005e90        0x8 C:/msys64/ucrt64/bin/../lib/gcc/x86_64-w64-mingw32/14.2.0/../../../../lib/libmsvcrt.a(libapi-ms-win-crt-heap-l1-1-0s00023.o)
                0x0000000140005e90                _set_new_mode
 .text          0x0000000140005e98        0x8 C:/msys64/ucrt64/bin/../lib/gcc/x86_64-w64-mingw32/14.2.0/../../../../lib/libmsvcrt.a(libapi-ms-win-crt-heap-l1-1-0s00024.o)
                0x0000000140005e98                calloc
 .text          0x0000000140005ea0        0x8 C:/msys64/ucrt64/bin/../lib/gcc/x86_64-w64-mingw32/14.2.0/../../../../lib/libmsvcrt.a(libapi-ms-win-crt-heap-l1-1-0s00025.o)
                0x0000000140005ea0                free
 .text          0x0000000140005ea8        0x8 C:/msys64/ucrt64/bin/../lib/gcc/x86_64-w64-mingw32/14.2.0/../../../../lib/libmsvcrt.a(libapi-ms-win-crt-heap-l1-1-0s00026.o)
                0x0000000140005ea8                malloc
 .text          0x0000000140005eb0        0x0 C:/msys64/ucrt64/bin/../lib/gcc/x86_64-w64-mingw32/14.2.0/../../../../lib/libmsvcrt.a(libapi-ms-win-crt-heap-l1-1-0h.o)
 .text          0x0000000140005eb0        0x0 C:/msys64/ucrt64/bin/../lib/gcc/x86_64-w64-mingw32/14.2.0/../../../../lib/libmsvcrt.a(libapi-ms-win-crt-heap-l1-1-0t.o)
 .text          0x0000000140005eb0        0x8 C:/msys64/ucrt64/bin/../lib/gcc/x86_64-w64-mingw32/14.2.0/../../../../lib/libmsvcrt.a(libapi-ms-win-crt-environment-l1-1-0s00000.o)
                0x0000000140005eb0                __p__environ
 *fill*         0x0000000140005eb8        0x8 
 .text          0x0000000140005ec0        0x0 C:/msys64/ucrt64/bin/../lib/gcc/x86_64-w64-mingw32/14.2.0/../../../../lib/libmsvcrt.a(libapi-ms-win-crt-environment-l1-1-0h.o)
 .text          0x0000000140005ec0        0x0 C:/msys64/ucrt64/bin/../lib/gcc/x86_64-w64-mingw32/14.2.0/../../../../lib/libmsvcrt.a(libapi-ms-win-crt-environment-l1-1-0t.o)
 .text          0x0000000140005ec0        0x0 C:/msys64/ucrt64/bin/../lib/gcc/x86_64-w64-mingw32/14.2.0/../../../../lib/libmsvcrt.a(lib64_libucrt_extra_a-__initenv.o)
 .text          0x0000000140005ec0        0x8 C:/msys64/ucrt64/bin/../lib/gcc/x86_64-w64-mingw32/14.2.0/../../../../lib/libkernel32.a(libkernel32s01530.o)
                0x0000000140005ec0                VirtualQuery
 .text          0x0000000140005ec8        0x8 C:/msys64/ucrt64/bin/../lib/gcc/x86_64-w64-mingw32/14.2.0/../../../../lib/libkernel32.a(libkernel32s01528.o)
                0x0000000140005ec8                VirtualProtect
 .text          0x0000000140005ed0        0x8 C:/msys64/ucrt64/bin/../lib/gcc/x86_64-w64-mingw32/14.2.0/../../../../lib/libkernel32.a(libkernel32s01481.o)
                0x0000000140005ed0                TlsGetValue
 .text          0x0000000140005ed8        0x8 C:/msys64/ucrt64/bin/../lib/gcc/x86_64-w64-mingw32/14.2.0/../../../../lib/libkernel32.a(libkernel32s01445.o)
                0x0000000140005ed8                Sleep
 .text          0x0000000140005ee0        0x8 C:/msys64/ucrt64/bin/../lib/gcc/x86_64-w64-mingw32/14.2.0/../../../../lib/libkernel32.a(libkernel32s01429.o)
                0x0000000140005ee0                SetUnhandledExceptionFilter
 .text          0x0000000140005ee8        0x8 C:/msys64/ucrt64/bin/../lib/gcc/x86_64-w64-mingw32/14.2.0/../../../../lib/libkernel32.a(libkernel32s01009.o)
                0x0000000140005ee8                LeaveCriticalSection
 .text          0x0000000140005ef0        0x8 C:/msys64/ucrt64/bin/../lib/gcc/x86_64-w64-mingw32/14.2.0/../../../../lib/libkernel32.a(libkernel32s00915.o)
                0x0000000140005ef0                InitializeCriticalSection
 .text          0x0000000140005ef8        0x8 C:/msys64/ucrt64/bin/../lib/gcc/x86_64-w64-mingw32/14.2.0/../../../../lib/libkernel32.a(libkernel32s00645.o)
                0x0000000140005ef8                GetLastError
 .text          0x0000000140005f00        0x8 C:/msys64/ucrt64/bin/../lib/gcc/x86_64-w64-mingw32/14.2.0/../../../../lib/libkernel32.a(libkernel32s00332.o)
                0x0000000140005f00                EnterCriticalSection
 .text          0x0000000140005f08        0x8 C:/msys64/ucrt64/bin/../lib/gcc/x86_64-w64-mingw32/14.2.0/../../../../lib/libkernel32.a(libkernel32s00294.o)
                0x0000000140005f08                DeleteCriticalSection
 .text          0x0000000140005f10        0x0 C:/msys64/ucrt64/bin/../lib/gcc/x86_64-w64-mingw32/14.2.0/../../../../lib/libkernel32.a(libkernel32h.o)
 .text          0x0000000140005f10        0x0 C:/msys64/ucrt64/bin/../lib/gcc/x86_64-w64-mingw32/14.2.0/../../../../lib/libkernel32.a(libkernel32t.o)
 .text          0x0000000140005f10        0x8 C:/msys64/ucrt64/bin/../lib/gcc/x86_64-w64-mingw32/14.2.0/../../../../lib/libpthread.dll.a(libwinpthread_1_dll_d000056.o)
                0x0000000140005f10                pthread_create
 *fill*         0x0000000140005f18        0x8 
 .text          0x0000000140005f20        0x0 C:/msys64/ucrt64/bin/../lib/gcc/x86_64-w64-mingw32/14.2.0/crtend.o
 .text          0x0000000140005f20        0x8 SDL2_ttf_dll_d000001.o
                0x0000000140005f20                TTF_Init
 .text          0x0000000140005f28        0x8 SDL2_dll_d000004.o
                0x0000000140005f28                SDL_CreateWindowAndRenderer
 .text          0x0000000140005f30        0x8 SDL2_dll_d000005.o
                0x0000000140005f30                SDL_Delay
 .text          0x0000000140005f38        0x8 SDL2_dll_d000006.o
                0x0000000140005f38                SDL_Init
 .text          0x0000000140005f40        0x8 SDL2_dll_d000007.o
                0x0000000140005f40                SDL_PollEvent
 *(SORT_BY_NAME(.text$*))
 *(.text.*)
 *fill*         0x0000000140005f48        0x8 
 .text.startup  0x0000000140005f50       0x10 C:/msys64/ucrt64/bin/../lib/gcc/x86_64-w64-mingw32/14.2.0/crtend.o
 *(.gnu.linkonce.t.*)
 *(.glue_7t)
 *(.glue_7)
                0x0000000140005f60                . = ALIGN (0x8)
                0x0000000140005f60                ___CTOR_LIST__ = .
                0x0000000140005f60                __CTOR_LIST__ = .
                0x0000000140005f60        0x4 LONG 0xffffffffffffffff
                0x0000000140005f64        0x4 LONG 0xffffffffffffffff
 *(.ctors)
 *(.ctor)
 *(SORT_BY_NAME(.ctors.*))
 .ctors.65535   0x0000000140005f68        0x8 C:/msys64/ucrt64/bin/../lib/gcc/x86_64-w64-mingw32/14.2.0/crtend.o
                0x0000000140005f70        0x4 LONG 0x0
                0x0000000140005f74        0x4 LONG 0x0
                0x0000000140005f78                ___DTOR_LIST__ = .
                0x0000000140005f78                __DTOR_LIST__ = .
                0x0000000140005f78        0x4 LONG 0xffffffffffffffff
                0x0000000140005f7c        0x4 LONG 0xffffffffffffffff
 *(.dtors)
 *(.dtor)
 *(SORT_BY_NAME(.dtors.*))
                0x0000000140005f80        0x4 LONG 0x0
                0x0000000140005f84        0x4 LONG 0x0
 *(SORT_NONE(.fini))
 *(.gcc_exc)
                [!provide]                        PROVIDE (etext = .)
 *(.gcc_except_table)

.data           0x0000000140006000     0x2200
                0x0000000140006000                __data_start__ = .
 *(.data)
 .data          0x0000000140006000        0x0 C:/msys64/ucrt64/bin/../lib/gcc/x86_64-w64-mingw32/14.2.0/../../../../lib/crt2.o
 .data          0x0000000140006000        0x0 C:/msys64/ucrt64/bin/../lib/gcc/x86_64-w64-mingw32/14.2.0/crtbegin.o
 .data          0x0000000140006000        0x0 build/windows/main.o
 .data          0x0000000140006000        0x0 build/windows/emu.o
 .data          0x0000000140006000      0x660 build/windows/cart.o
 .data          0x0000000140006660        0x0 build/windows/cpu.o
 .data          0x0000000140006660        0x0 build/windows/cpu_fetch.o
 .data          0x0000000140006660      0x140 build/windows/cpu_proc.o
                0x0000000140006660                rt_lookup
 .data          0x00000001400067a0        0x0 build/windows/cpu_util.o
 .data          0x00000001400067a0     0x1980 build/windows/instructions.o
                0x00000001400067a0                instructions
                0x0000000140007fa0                inst_lookup
 .data          0x0000000140008120        0x0 build/windows/interrupts.o
 .data          0x0000000140008120        0x0 build/windows/ram.o
 .data          0x0000000140008120        0x0 build/windows/ppu.o
 .data          0x0000000140008120        0x0 build/windows/stack.o
 .data          0x0000000140008120        0x0 build/windows/timer.o
 .data          0x0000000140008120        0x0 build/windows/ui.o
 .data          0x0000000140008120        0x0 build/windows/bus.o
 .data          0x0000000140008120       0x10 C:/msys64/ucrt64/bin/../lib/gcc/x86_64-w64-mingw32/14.2.0/../../../../lib/libmingw32.a(lib64_libmingw32_a-gccmain.o)
 .data          0x0000000140008130       0x10 C:/msys64/ucrt64/bin/../lib/gcc/x86_64-w64-mingw32/14.2.0/../../../../lib/libmingw32.a(lib64_libmingw32_a-natstart.o)
                0x0000000140008130                __native_vcclrit_reason
                0x0000000140008134                __native_dllmain_reason
 .data          0x0000000140008140        0x0 C:/msys64/ucrt64/bin/../lib/gcc/x86_64-w64-mingw32/14.2.0/../../../../lib/libmingw32.a(lib64_libmingw32_a-wildcard.o)
 .data          0x0000000140008140        0x0 C:/msys64/ucrt64/bin/../lib/gcc/x86_64-w64-mingw32/14.2.0/../../../../lib/libmingw32.a(lib64_libmingw32_a-dllargv.o)
 .data          0x0000000140008140        0x0 C:/msys64/ucrt64/bin/../lib/gcc/x86_64-w64-mingw32/14.2.0/../../../../lib/libmingw32.a(lib64_libmingw32_a-_newmode.o)
 .data          0x0000000140008140        0x0 C:/msys64/ucrt64/bin/../lib/gcc/x86_64-w64-mingw32/14.2.0/../../../../lib/libmingw32.a(lib64_libmingw32_a-tlssup.o)
 .data          0x0000000140008140        0x0 C:/msys64/ucrt64/bin/../lib/gcc/x86_64-w64-mingw32/14.2.0/../../../../lib/libmingw32.a(lib64_libmingw32_a-xncommod.o)
 .data          0x0000000140008140        0x0 C:/msys64/ucrt64/bin/../lib/gcc/x86_64-w64-mingw32/14.2.0/../../../../lib/libmingw32.a(lib64_libmingw32_a-cinitexe.o)
 .data          0x0000000140008140        0x0 C:/msys64/ucrt64/bin/../lib/gcc/x86_64-w64-mingw32/14.2.0/../../../../lib/libmingw32.a(lib64_libmingw32_a-merr.o)
 .data          0x0000000140008140        0x0 C:/msys64/ucrt64/bin/../lib/gcc/x86_64-w64-mingw32/14.2.0/../../../../lib/libmingw32.a(lib64_libmingw32_a-CRT_fp10.o)
 .data          0x0000000140008140        0x0 C:/msys64/ucrt64/bin/../lib/gcc/x86_64-w64-mingw32/14.2.0/../../../../lib/libmingw32.a(lib64_libmingw32_a-mingw_helpers.o)
 .data          0x0000000140008140        0x0 C:/msys64/ucrt64/bin/../lib/gcc/x86_64-w64-mingw32/14.2.0/../../../../lib/libmingw32.a(lib64_libmingw32_a-pseudo-reloc.o)
 .data          0x0000000140008140        0x0 C:/msys64/ucrt64/bin/../lib/gcc/x86_64-w64-mingw32/14.2.0/../../../../lib/libmingw32.a(lib64_libmingw32_a-usermatherr.o)
 .data          0x0000000140008140        0x0 C:/msys64/ucrt64/bin/../lib/gcc/x86_64-w64-mingw32/14.2.0/../../../../lib/libmingw32.a(lib64_libmingw32_a-xtxtmode.o)
 .data          0x0000000140008140        0x0 C:/msys64/ucrt64/bin/../lib/gcc/x86_64-w64-mingw32/14.2.0/../../../../lib/libmingw32.a(lib64_libmingw32_a-crt_handler.o)
 .data          0x0000000140008140        0x0 C:/msys64/ucrt64/bin/../lib/gcc/x86_64-w64-mingw32/14.2.0/../../../../lib/libmingw32.a(lib64_libmingw32_a-tlsthrd.o)
 .data          0x0000000140008140       0x10 C:/msys64/ucrt64/bin/../lib/gcc/x86_64-w64-mingw32/14.2.0/../../../../lib/libmingw32.a(lib64_libmingw32_a-tlsmcrt.o)
                0x0000000140008140                _CRT_MT
 .data          0x0000000140008150        0x0 C:/msys64/ucrt64/bin/../lib/gcc/x86_64-w64-mingw32/14.2.0/../../../../lib/libmingw32.a(lib64_libmingw32_a-pseudo-reloc-list.o)
 .data          0x0000000140008150        0x0 C:/msys64/ucrt64/bin/../lib/gcc/x86_64-w64-mingw32/14.2.0/../../../../lib/libmingw32.a(lib64_libmingw32_a-pesect.o)
 .data          0x0000000140008150        0x0 C:/msys64/ucrt64/bin/../lib/gcc/x86_64-w64-mingw32/14.2.0/libgcc.a(_chkstk_ms.o)
 .data          0x0000000140008150        0x0 C:/msys64/ucrt64/bin/../lib/gcc/x86_64-w64-mingw32/14.2.0/libgcc.a(_ctors.o)
 .data          0x0000000140008150       0x10 C:/msys64/ucrt64/bin/../lib/gcc/x86_64-w64-mingw32/14.2.0/../../../../lib/libmingwex.a(lib64_libmingwex_a-mingw_matherr.o)
                0x0000000140008150                _MINGW_INSTALL_DEBUG_MATHERR
 .data          0x0000000140008160        0x0 C:/msys64/ucrt64/bin/../lib/gcc/x86_64-w64-mingw32/14.2.0/../../../../lib/libmingwex.a(lib64_libmingwex_a-mingw_usleep.o)
 .data          0x0000000140008160       0x10 C:/msys64/ucrt64/bin/../lib/gcc/x86_64-w64-mingw32/14.2.0/../../../../lib/libmsvcrt.a(lib64_libucrt_extra_a-ucrt_vfprintf.o)
                0x0000000140008160                __imp_vfprintf
 .data          0x0000000140008170       0x10 C:/msys64/ucrt64/bin/../lib/gcc/x86_64-w64-mingw32/14.2.0/../../../../lib/libmsvcrt.a(lib64_libucrt_extra_a-ucrt_sprintf.o)
                0x0000000140008170                __imp_sprintf
 .data          0x0000000140008180       0x10 C:/msys64/ucrt64/bin/../lib/gcc/x86_64-w64-mingw32/14.2.0/../../../../lib/libmsvcrt.a(lib64_libucrt_extra_a-ucrt_snprintf.o)
                0x0000000140008180                __imp_snprintf
 .data          0x0000000140008190       0x10 C:/msys64/ucrt64/bin/../lib/gcc/x86_64-w64-mingw32/14.2.0/../../../../lib/libmsvcrt.a(lib64_libucrt_extra_a-ucrt_printf.o)
                0x0000000140008190                __imp_printf
 .data          0x00000001400081a0       0x10 C:/msys64/ucrt64/bin/../lib/gcc/x86_64-w64-mingw32/14.2.0/../../../../lib/libmsvcrt.a(lib64_libucrt_extra_a-ucrt_fprintf.o)
                0x00000001400081a0                __imp_fprintf
 .data          0x00000001400081b0       0x10 C:/msys64/ucrt64/bin/../lib/gcc/x86_64-w64-mingw32/14.2.0/../../../../lib/libmsvcrt.a(lib64_libucrt_extra_a-__p___initenv.o)
                0x00000001400081b0                __imp___p___initenv
 .data          0x00000001400081c0       0x10 C:/msys64/ucrt64/bin/../lib/gcc/x86_64-w64-mingw32/14.2.0/../../../../lib/libmsvcrt.a(lib64_libucrt_extra_a-ucrt_amsg_exit.o)
                0x00000001400081c0                __imp__amsg_exit
 .data          0x00000001400081d0       0x10 C:/msys64/ucrt64/bin/../lib/gcc/x86_64-w64-mingw32/14.2.0/../../../../lib/libmsvcrt.a(lib64_libucrt_extra_a-ucrt__getmainargs.o)
                0x00000001400081d0                __imp___getmainargs
 .data          0x00000001400081e0        0x0 C:/msys64/ucrt64/bin/../lib/gcc/x86_64-w64-mingw32/14.2.0/../../../../lib/libmsvcrt.a(libapi-ms-win-crt-string-l1-1-0s00167.o)
 .data          0x00000001400081e0        0x0 C:/msys64/ucrt64/bin/../lib/gcc/x86_64-w64-mingw32/14.2.0/../../../../lib/libmsvcrt.a(libapi-ms-win-crt-string-l1-1-0s00170.o)
 .data          0x00000001400081e0        0x0 C:/msys64/ucrt64/bin/../lib/gcc/x86_64-w64-mingw32/14.2.0/../../../../lib/libmsvcrt.a(libapi-ms-win-crt-string-l1-1-0h.o)
 .data          0x00000001400081e0        0x0 C:/msys64/ucrt64/bin/../lib/gcc/x86_64-w64-mingw32/14.2.0/../../../../lib/libmsvcrt.a(libapi-ms-win-crt-string-l1-1-0t.o)
 .data          0x00000001400081e0        0x0 C:/msys64/ucrt64/bin/../lib/gcc/x86_64-w64-mingw32/14.2.0/../../../../lib/libmsvcrt.a(libapi-ms-win-crt-stdio-l1-1-0s00000.o)
 .data          0x00000001400081e0        0x0 C:/msys64/ucrt64/bin/../lib/gcc/x86_64-w64-mingw32/14.2.0/../../../../lib/libmsvcrt.a(libapi-ms-win-crt-stdio-l1-1-0s00001.o)
 .data          0x00000001400081e0        0x0 C:/msys64/ucrt64/bin/../lib/gcc/x86_64-w64-mingw32/14.2.0/../../../../lib/libmsvcrt.a(libapi-ms-win-crt-stdio-l1-1-0s00002.o)
 .data          0x00000001400081e0        0x0 C:/msys64/ucrt64/bin/../lib/gcc/x86_64-w64-mingw32/14.2.0/../../../../lib/libmsvcrt.a(libapi-ms-win-crt-stdio-l1-1-0s00003.o)
 .data          0x00000001400081e0        0x0 C:/msys64/ucrt64/bin/../lib/gcc/x86_64-w64-mingw32/14.2.0/../../../../lib/libmsvcrt.a(libapi-ms-win-crt-stdio-l1-1-0s00013.o)
 .data          0x00000001400081e0        0x0 C:/msys64/ucrt64/bin/../lib/gcc/x86_64-w64-mingw32/14.2.0/../../../../lib/libmsvcrt.a(libapi-ms-win-crt-stdio-l1-1-0s00147.o)
 .data          0x00000001400081e0        0x0 C:/msys64/ucrt64/bin/../lib/gcc/x86_64-w64-mingw32/14.2.0/../../../../lib/libmsvcrt.a(libapi-ms-win-crt-stdio-l1-1-0s00157.o)
 .data          0x00000001400081e0        0x0 C:/msys64/ucrt64/bin/../lib/gcc/x86_64-w64-mingw32/14.2.0/../../../../lib/libmsvcrt.a(libapi-ms-win-crt-stdio-l1-1-0s00163.o)
 .data          0x00000001400081e0        0x0 C:/msys64/ucrt64/bin/../lib/gcc/x86_64-w64-mingw32/14.2.0/../../../../lib/libmsvcrt.a(libapi-ms-win-crt-stdio-l1-1-0s00167.o)
 .data          0x00000001400081e0        0x0 C:/msys64/ucrt64/bin/../lib/gcc/x86_64-w64-mingw32/14.2.0/../../../../lib/libmsvcrt.a(libapi-ms-win-crt-stdio-l1-1-0s00170.o)
 .data          0x00000001400081e0        0x0 C:/msys64/ucrt64/bin/../lib/gcc/x86_64-w64-mingw32/14.2.0/../../../../lib/libmsvcrt.a(libapi-ms-win-crt-stdio-l1-1-0s00171.o)
 .data          0x00000001400081e0        0x0 C:/msys64/ucrt64/bin/../lib/gcc/x86_64-w64-mingw32/14.2.0/../../../../lib/libmsvcrt.a(libapi-ms-win-crt-stdio-l1-1-0s00180.o)
 .data          0x00000001400081e0        0x0 C:/msys64/ucrt64/bin/../lib/gcc/x86_64-w64-mingw32/14.2.0/../../../../lib/libmsvcrt.a(libapi-ms-win-crt-stdio-l1-1-0s00183.o)
 .data          0x00000001400081e0        0x0 C:/msys64/ucrt64/bin/../lib/gcc/x86_64-w64-mingw32/14.2.0/../../../../lib/libmsvcrt.a(libapi-ms-win-crt-stdio-l1-1-0h.o)
 .data          0x00000001400081e0        0x0 C:/msys64/ucrt64/bin/../lib/gcc/x86_64-w64-mingw32/14.2.0/../../../../lib/libmsvcrt.a(libapi-ms-win-crt-stdio-l1-1-0t.o)
 .data          0x00000001400081e0        0x0 C:/msys64/ucrt64/bin/../lib/gcc/x86_64-w64-mingw32/14.2.0/../../../../lib/libmsvcrt.a(libapi-ms-win-crt-runtime-l1-1-0s00004.o)
 .data          0x00000001400081e0        0x0 C:/msys64/ucrt64/bin/../lib/gcc/x86_64-w64-mingw32/14.2.0/../../../../lib/libmsvcrt.a(libapi-ms-win-crt-runtime-l1-1-0s00005.o)
 .data          0x00000001400081e0        0x0 C:/msys64/ucrt64/bin/../lib/gcc/x86_64-w64-mingw32/14.2.0/../../../../lib/libmsvcrt.a(libapi-ms-win-crt-runtime-l1-1-0s00022.o)
 .data          0x00000001400081e0        0x0 C:/msys64/ucrt64/bin/../lib/gcc/x86_64-w64-mingw32/14.2.0/../../../../lib/libmsvcrt.a(libapi-ms-win-crt-runtime-l1-1-0s00024.o)
 .data          0x00000001400081e0        0x0 C:/msys64/ucrt64/bin/../lib/gcc/x86_64-w64-mingw32/14.2.0/../../../../lib/libmsvcrt.a(libapi-ms-win-crt-runtime-l1-1-0s00030.o)
 .data          0x00000001400081e0        0x0 C:/msys64/ucrt64/bin/../lib/gcc/x86_64-w64-mingw32/14.2.0/../../../../lib/libmsvcrt.a(libapi-ms-win-crt-runtime-l1-1-0s00036.o)
 .data          0x00000001400081e0        0x0 C:/msys64/ucrt64/bin/../lib/gcc/x86_64-w64-mingw32/14.2.0/../../../../lib/libmsvcrt.a(libapi-ms-win-crt-runtime-l1-1-0s00053.o)
 .data          0x00000001400081e0        0x0 C:/msys64/ucrt64/bin/../lib/gcc/x86_64-w64-mingw32/14.2.0/../../../../lib/libmsvcrt.a(libapi-ms-win-crt-runtime-l1-1-0s00056.o)
 .data          0x00000001400081e0        0x0 C:/msys64/ucrt64/bin/../lib/gcc/x86_64-w64-mingw32/14.2.0/../../../../lib/libmsvcrt.a(libapi-ms-win-crt-runtime-l1-1-0s00068.o)
 .data          0x00000001400081e0        0x0 C:/msys64/ucrt64/bin/../lib/gcc/x86_64-w64-mingw32/14.2.0/../../../../lib/libmsvcrt.a(libapi-ms-win-crt-runtime-l1-1-0s00074.o)
 .data          0x00000001400081e0        0x0 C:/msys64/ucrt64/bin/../lib/gcc/x86_64-w64-mingw32/14.2.0/../../../../lib/libmsvcrt.a(libapi-ms-win-crt-runtime-l1-1-0s00087.o)
 .data          0x00000001400081e0        0x0 C:/msys64/ucrt64/bin/../lib/gcc/x86_64-w64-mingw32/14.2.0/../../../../lib/libmsvcrt.a(libapi-ms-win-crt-runtime-l1-1-0s00088.o)
 .data          0x00000001400081e0        0x0 C:/msys64/ucrt64/bin/../lib/gcc/x86_64-w64-mingw32/14.2.0/../../../../lib/libmsvcrt.a(libapi-ms-win-crt-runtime-l1-1-0s00102.o)
 .data          0x00000001400081e0        0x0 C:/msys64/ucrt64/bin/../lib/gcc/x86_64-w64-mingw32/14.2.0/../../../../lib/libmsvcrt.a(libapi-ms-win-crt-runtime-l1-1-0h.o)
 .data          0x00000001400081e0        0x0 C:/msys64/ucrt64/bin/../lib/gcc/x86_64-w64-mingw32/14.2.0/../../../../lib/libmsvcrt.a(libapi-ms-win-crt-runtime-l1-1-0t.o)
 .data          0x00000001400081e0        0x0 C:/msys64/ucrt64/bin/../lib/gcc/x86_64-w64-mingw32/14.2.0/../../../../lib/libmsvcrt.a(libapi-ms-win-crt-private-l1-1-0s00015.o)
 .data          0x00000001400081e0        0x0 C:/msys64/ucrt64/bin/../lib/gcc/x86_64-w64-mingw32/14.2.0/../../../../lib/libmsvcrt.a(libapi-ms-win-crt-private-l1-1-0s01143.o)
 .data          0x00000001400081e0        0x0 C:/msys64/ucrt64/bin/../lib/gcc/x86_64-w64-mingw32/14.2.0/../../../../lib/libmsvcrt.a(libapi-ms-win-crt-private-l1-1-0h.o)
 .data          0x00000001400081e0        0x0 C:/msys64/ucrt64/bin/../lib/gcc/x86_64-w64-mingw32/14.2.0/../../../../lib/libmsvcrt.a(libapi-ms-win-crt-private-l1-1-0t.o)
 .data          0x00000001400081e0        0x0 C:/msys64/ucrt64/bin/../lib/gcc/x86_64-w64-mingw32/14.2.0/../../../../lib/libmsvcrt.a(libapi-ms-win-crt-math-l1-1-0s00009.o)
 .data          0x00000001400081e0        0x0 C:/msys64/ucrt64/bin/../lib/gcc/x86_64-w64-mingw32/14.2.0/../../../../lib/libmsvcrt.a(libapi-ms-win-crt-math-l1-1-0h.o)
 .data          0x00000001400081e0        0x0 C:/msys64/ucrt64/bin/../lib/gcc/x86_64-w64-mingw32/14.2.0/../../../../lib/libmsvcrt.a(libapi-ms-win-crt-math-l1-1-0t.o)
 .data          0x00000001400081e0        0x0 C:/msys64/ucrt64/bin/../lib/gcc/x86_64-w64-mingw32/14.2.0/../../../../lib/libmsvcrt.a(libapi-ms-win-crt-heap-l1-1-0s00023.o)
 .data          0x00000001400081e0        0x0 C:/msys64/ucrt64/bin/../lib/gcc/x86_64-w64-mingw32/14.2.0/../../../../lib/libmsvcrt.a(libapi-ms-win-crt-heap-l1-1-0s00024.o)
 .data          0x00000001400081e0        0x0 C:/msys64/ucrt64/bin/../lib/gcc/x86_64-w64-mingw32/14.2.0/../../../../lib/libmsvcrt.a(libapi-ms-win-crt-heap-l1-1-0s00025.o)
 .data          0x00000001400081e0        0x0 C:/msys64/ucrt64/bin/../lib/gcc/x86_64-w64-mingw32/14.2.0/../../../../lib/libmsvcrt.a(libapi-ms-win-crt-heap-l1-1-0s00026.o)
 .data          0x00000001400081e0        0x0 C:/msys64/ucrt64/bin/../lib/gcc/x86_64-w64-mingw32/14.2.0/../../../../lib/libmsvcrt.a(libapi-ms-win-crt-heap-l1-1-0h.o)
 .data          0x00000001400081e0        0x0 C:/msys64/ucrt64/bin/../lib/gcc/x86_64-w64-mingw32/14.2.0/../../../../lib/libmsvcrt.a(libapi-ms-win-crt-heap-l1-1-0t.o)
 .data          0x00000001400081e0        0x0 C:/msys64/ucrt64/bin/../lib/gcc/x86_64-w64-mingw32/14.2.0/../../../../lib/libmsvcrt.a(libapi-ms-win-crt-environment-l1-1-0s00000.o)
 .data          0x00000001400081e0        0x0 C:/msys64/ucrt64/bin/../lib/gcc/x86_64-w64-mingw32/14.2.0/../../../../lib/libmsvcrt.a(libapi-ms-win-crt-environment-l1-1-0h.o)
 .data          0x00000001400081e0        0x0 C:/msys64/ucrt64/bin/../lib/gcc/x86_64-w64-mingw32/14.2.0/../../../../lib/libmsvcrt.a(libapi-ms-win-crt-environment-l1-1-0t.o)
 .data          0x00000001400081e0       0x10 C:/msys64/ucrt64/bin/../lib/gcc/x86_64-w64-mingw32/14.2.0/../../../../lib/libmsvcrt.a(lib64_libucrt_extra_a-__initenv.o)
                0x00000001400081e0                __imp___initenv
 .data          0x00000001400081f0        0x0 C:/msys64/ucrt64/bin/../lib/gcc/x86_64-w64-mingw32/14.2.0/../../../../lib/libkernel32.a(libkernel32s01530.o)
 .data          0x00000001400081f0        0x0 C:/msys64/ucrt64/bin/../lib/gcc/x86_64-w64-mingw32/14.2.0/../../../../lib/libkernel32.a(libkernel32s01528.o)
 .data          0x00000001400081f0        0x0 C:/msys64/ucrt64/bin/../lib/gcc/x86_64-w64-mingw32/14.2.0/../../../../lib/libkernel32.a(libkernel32s01481.o)
 .data          0x00000001400081f0        0x0 C:/msys64/ucrt64/bin/../lib/gcc/x86_64-w64-mingw32/14.2.0/../../../../lib/libkernel32.a(libkernel32s01445.o)
 .data          0x00000001400081f0        0x0 C:/msys64/ucrt64/bin/../lib/gcc/x86_64-w64-mingw32/14.2.0/../../../../lib/libkernel32.a(libkernel32s01429.o)
 .data          0x00000001400081f0        0x0 C:/msys64/ucrt64/bin/../lib/gcc/x86_64-w64-mingw32/14.2.0/../../../../lib/libkernel32.a(libkernel32s01009.o)
 .data          0x00000001400081f0        0x0 C:/msys64/ucrt64/bin/../lib/gcc/x86_64-w64-mingw32/14.2.0/../../../../lib/libkernel32.a(libkernel32s00915.o)
 .data          0x00000001400081f0        0x0 C:/msys64/ucrt64/bin/../lib/gcc/x86_64-w64-mingw32/14.2.0/../../../../lib/libkernel32.a(libkernel32s00645.o)
 .data          0x00000001400081f0        0x0 C:/msys64/ucrt64/bin/../lib/gcc/x86_64-w64-mingw32/14.2.0/../../../../lib/libkernel32.a(libkernel32s00332.o)
 .data          0x00000001400081f0        0x0 C:/msys64/ucrt64/bin/../lib/gcc/x86_64-w64-mingw32/14.2.0/../../../../lib/libkernel32.a(libkernel32s00294.o)
 .data          0x00000001400081f0        0x0 C:/msys64/ucrt64/bin/../lib/gcc/x86_64-w64-mingw32/14.2.0/../../../../lib/libkernel32.a(libkernel32h.o)
 .data          0x00000001400081f0        0x0 C:/msys64/ucrt64/bin/../lib/gcc/x86_64-w64-mingw32/14.2.0/../../../../lib/libkernel32.a(libkernel32t.o)
 .data          0x00000001400081f0        0x0 C:/msys64/ucrt64/bin/../lib/gcc/x86_64-w64-mingw32/14.2.0/crtend.o
 *(.data2)
 *(SORT_BY_NAME(.data$*))
 *(.jcr)
                0x00000001400081f0                __data_end__ = .
 *(.data_cygwin_nocopy)

.rdata          0x0000000140009000     0x1800
 *(.rdata)
 .rdata         0x0000000140009000       0x80 build/windows/emu.o
 .rdata         0x0000000140009080      0x4e0 build/windows/cart.o
 .rdata         0x0000000140009560       0xa0 build/windows/cpu.o
 .rdata         0x0000000140009600       0x80 build/windows/cpu_fetch.o
 .rdata         0x0000000140009680       0x90 build/windows/cpu_proc.o
 .rdata         0x0000000140009710      0x110 build/windows/cpu_util.o
 .rdata         0x0000000140009820       0xf0 build/windows/instructions.o
 .rdata         0x0000000140009910       0x20 build/windows/ram.o
 .rdata         0x0000000140009930       0x20 build/windows/ui.o
 .rdata         0x0000000140009950       0x50 build/windows/bus.o
 .rdata         0x00000001400099a0       0x60 C:/msys64/ucrt64/bin/../lib/gcc/x86_64-w64-mingw32/14.2.0/../../../../lib/libmingw32.a(lib64_libmingw32_a-tlssup.o)
                0x00000001400099a0                __dyn_tls_init_callback
                0x00000001400099c0                _tls_used
 .rdata         0x0000000140009a00      0x140 C:/msys64/ucrt64/bin/../lib/gcc/x86_64-w64-mingw32/14.2.0/../../../../lib/libmingw32.a(lib64_libmingw32_a-merr.o)
 .rdata         0x0000000140009b40      0x160 C:/msys64/ucrt64/bin/../lib/gcc/x86_64-w64-mingw32/14.2.0/../../../../lib/libmingw32.a(lib64_libmingw32_a-pseudo-reloc.o)
 .rdata         0x0000000140009ca0       0x30 C:/msys64/ucrt64/bin/../lib/gcc/x86_64-w64-mingw32/14.2.0/../../../../lib/libmingw32.a(lib64_libmingw32_a-crt_handler.o)
 .rdata         0x0000000140009cd0       0x20 C:/msys64/ucrt64/bin/../lib/gcc/x86_64-w64-mingw32/14.2.0/../../../../lib/libmsvcrt.a(lib64_libucrt_extra_a-ucrt_amsg_exit.o)
 *(SORT_BY_NAME(.rdata$*))
 .rdata$.refptr._CRT_MT
                0x0000000140009cf0       0x10 C:/msys64/ucrt64/bin/../lib/gcc/x86_64-w64-mingw32/14.2.0/../../../../lib/libmingw32.a(lib64_libmingw32_a-tlssup.o)
                0x0000000140009cf0                .refptr._CRT_MT
 .rdata$.refptr._MINGW_INSTALL_DEBUG_MATHERR
                0x0000000140009d00       0x10 C:/msys64/ucrt64/bin/../lib/gcc/x86_64-w64-mingw32/14.2.0/../../../../lib/crt2.o
                0x0000000140009d00                .refptr._MINGW_INSTALL_DEBUG_MATHERR
 .rdata$.refptr.__CTOR_LIST__
                0x0000000140009d10       0x10 C:/msys64/ucrt64/bin/../lib/gcc/x86_64-w64-mingw32/14.2.0/../../../../lib/libmingw32.a(lib64_libmingw32_a-gccmain.o)
                0x0000000140009d10                .refptr.__CTOR_LIST__
 .rdata$.refptr.__ImageBase
                0x0000000140009d20       0x10 C:/msys64/ucrt64/bin/../lib/gcc/x86_64-w64-mingw32/14.2.0/../../../../lib/crt2.o
                0x0000000140009d20                .refptr.__ImageBase
 .rdata$.refptr.__RUNTIME_PSEUDO_RELOC_LIST_END__
                0x0000000140009d30       0x10 C:/msys64/ucrt64/bin/../lib/gcc/x86_64-w64-mingw32/14.2.0/../../../../lib/libmingw32.a(lib64_libmingw32_a-pseudo-reloc.o)
                0x0000000140009d30                .refptr.__RUNTIME_PSEUDO_RELOC_LIST_END__
 .rdata$.refptr.__RUNTIME_PSEUDO_RELOC_LIST__
                0x0000000140009d40       0x10 C:/msys64/ucrt64/bin/../lib/gcc/x86_64-w64-mingw32/14.2.0/../../../../lib/libmingw32.a(lib64_libmingw32_a-pseudo-reloc.o)
                0x0000000140009d40                .refptr.__RUNTIME_PSEUDO_RELOC_LIST__
 .rdata$.refptr.__dyn_tls_init_callback
                0x0000000140009d50       0x10 C:/msys64/ucrt64/bin/../lib/gcc/x86_64-w64-mingw32/14.2.0/../../../../lib/crt2.o
                0x0000000140009d50                .refptr.__dyn_tls_init_callback
 .rdata$.refptr.__imp___initenv
                0x0000000140009d60       0x10 C:/msys64/ucrt64/bin/../lib/gcc/x86_64-w64-mingw32/14.2.0/../../../../lib/libmsvcrt.a(lib64_libucrt_extra_a-__p___initenv.o)
                0x0000000140009d60                .refptr.__imp___initenv
 .rdata$.refptr.__mingw_app_type
                0x0000000140009d70       0x10 C:/msys64/ucrt64/bin/../lib/gcc/x86_64-w64-mingw32/14.2.0/../../../../lib/crt2.o
                0x0000000140009d70                .refptr.__mingw_app_type
 .rdata$.refptr.__mingw_initltsdrot_force
                0x0000000140009d80       0x10 C:/msys64/ucrt64/bin/../lib/gcc/x86_64-w64-mingw32/14.2.0/../../../../lib/crt2.o
                0x0000000140009d80                .refptr.__mingw_initltsdrot_force
 .rdata$.refptr.__mingw_initltsdyn_force
                0x0000000140009d90       0x10 C:/msys64/ucrt64/bin/../lib/gcc/x86_64-w64-mingw32/14.2.0/../../../../lib/crt2.o
                0x0000000140009d90                .refptr.__mingw_initltsdyn_force
 .rdata$.refptr.__mingw_initltssuo_force
                0x0000000140009da0       0x10 C:/msys64/ucrt64/bin/../lib/gcc/x86_64-w64-mingw32/14.2.0/../../../../lib/crt2.o
                0x0000000140009da0                .refptr.__mingw_initltssuo_force
 .rdata$.refptr.__mingw_oldexcpt_handler
                0x0000000140009db0       0x10 C:/msys64/ucrt64/bin/../lib/gcc/x86_64-w64-mingw32/14.2.0/../../../../lib/crt2.o
                0x0000000140009db0                .refptr.__mingw_oldexcpt_handler
 .rdata$.refptr.__native_startup_lock
                0x0000000140009dc0       0x10 C:/msys64/ucrt64/bin/../lib/gcc/x86_64-w64-mingw32/14.2.0/../../../../lib/crt2.o
                0x0000000140009dc0                .refptr.__native_startup_lock
 .rdata$.refptr.__native_startup_state
                0x0000000140009dd0       0x10 C:/msys64/ucrt64/bin/../lib/gcc/x86_64-w64-mingw32/14.2.0/../../../../lib/crt2.o
                0x0000000140009dd0                .refptr.__native_startup_state
 .rdata$.refptr.__xc_a
                0x0000000140009de0       0x10 C:/msys64/ucrt64/bin/../lib/gcc/x86_64-w64-mingw32/14.2.0/../../../../lib/crt2.o
                0x0000000140009de0                .refptr.__xc_a
 .rdata$.refptr.__xc_z
                0x0000000140009df0       0x10 C:/msys64/ucrt64/bin/../lib/gcc/x86_64-w64-mingw32/14.2.0/../../../../lib/crt2.o
                0x0000000140009df0                .refptr.__xc_z
 .rdata$.refptr.__xi_a
                0x0000000140009e00       0x10 C:/msys64/ucrt64/bin/../lib/gcc/x86_64-w64-mingw32/14.2.0/../../../../lib/crt2.o
                0x0000000140009e00                .refptr.__xi_a
 .rdata$.refptr.__xi_z
                0x0000000140009e10       0x10 C:/msys64/ucrt64/bin/../lib/gcc/x86_64-w64-mingw32/14.2.0/../../../../lib/crt2.o
                0x0000000140009e10                .refptr.__xi_z
 .rdata$.refptr._commode
                0x0000000140009e20       0x10 C:/msys64/ucrt64/bin/../lib/gcc/x86_64-w64-mingw32/14.2.0/../../../../lib/crt2.o
                0x0000000140009e20                .refptr._commode
 .rdata$.refptr._dowildcard
                0x0000000140009e30       0x10 C:/msys64/ucrt64/bin/../lib/gcc/x86_64-w64-mingw32/14.2.0/../../../../lib/crt2.o
                0x0000000140009e30                .refptr._dowildcard
 .rdata$.refptr._fmode
                0x0000000140009e40       0x10 C:/msys64/ucrt64/bin/../lib/gcc/x86_64-w64-mingw32/14.2.0/../../../../lib/crt2.o
                0x0000000140009e40                .refptr._fmode
 .rdata$.refptr._gnu_exception_handler
                0x0000000140009e50       0x10 C:/msys64/ucrt64/bin/../lib/gcc/x86_64-w64-mingw32/14.2.0/../../../../lib/crt2.o
                0x0000000140009e50                .refptr._gnu_exception_handler
 .rdata$.refptr._matherr
                0x0000000140009e60       0x10 C:/msys64/ucrt64/bin/../lib/gcc/x86_64-w64-mingw32/14.2.0/../../../../lib/crt2.o
                0x0000000140009e60                .refptr._matherr
 .rdata$.refptr._newmode
                0x0000000140009e70       0x10 C:/msys64/ucrt64/bin/../lib/gcc/x86_64-w64-mingw32/14.2.0/../../../../lib/crt2.o
                0x0000000140009e70                .refptr._newmode
 .rdata$.refptr.ctx
                0x0000000140009e80       0x10 build/windows/cpu_fetch.o
                0x0000000140009e80                .refptr.ctx
 .rdata$zzz     0x0000000140009e90       0x30 C:/msys64/ucrt64/bin/../lib/gcc/x86_64-w64-mingw32/14.2.0/../../../../lib/crt2.o
 .rdata$zzz     0x0000000140009ec0       0x30 C:/msys64/ucrt64/bin/../lib/gcc/x86_64-w64-mingw32/14.2.0/crtbegin.o
 .rdata$zzz     0x0000000140009ef0       0x30 build/windows/main.o
 .rdata$zzz     0x0000000140009f20       0x30 build/windows/emu.o
 .rdata$zzz     0x0000000140009f50       0x30 build/windows/cart.o
 .rdata$zzz     0x0000000140009f80       0x30 build/windows/cpu.o
 .rdata$zzz     0x0000000140009fb0       0x30 build/windows/cpu_fetch.o
 .rdata$zzz     0x0000000140009fe0       0x30 build/windows/cpu_proc.o
 .rdata$zzz     0x000000014000a010       0x30 build/windows/cpu_util.o
 .rdata$zzz     0x000000014000a040       0x30 build/windows/instructions.o
 .rdata$zzz     0x000000014000a070       0x30 build/windows/interrupts.o
 .rdata$zzz     0x000000014000a0a0       0x30 build/windows/ram.o
 .rdata$zzz     0x000000014000a0d0       0x30 build/windows/ppu.o
 .rdata$zzz     0x000000014000a100       0x30 build/windows/stack.o
 .rdata$zzz     0x000000014000a130       0x30 build/windows/timer.o
 .rdata$zzz     0x000000014000a160       0x30 build/windows/ui.o
 .rdata$zzz     0x000000014000a190       0x30 build/windows/bus.o
 .rdata$zzz     0x000000014000a1c0       0x30 C:/msys64/ucrt64/bin/../lib/gcc/x86_64-w64-mingw32/14.2.0/../../../../lib/libmingw32.a(lib64_libmingw32_a-gccmain.o)
 .rdata$zzz     0x000000014000a1f0       0x30 C:/msys64/ucrt64/bin/../lib/gcc/x86_64-w64-mingw32/14.2.0/../../../../lib/libmingw32.a(lib64_libmingw32_a-natstart.o)
 .rdata$zzz     0x000000014000a220       0x30 C:/msys64/ucrt64/bin/../lib/gcc/x86_64-w64-mingw32/14.2.0/../../../../lib/libmingw32.a(lib64_libmingw32_a-wildcard.o)
 .rdata$zzz     0x000000014000a250       0x30 C:/msys64/ucrt64/bin/../lib/gcc/x86_64-w64-mingw32/14.2.0/../../../../lib/libmingw32.a(lib64_libmingw32_a-dllargv.o)
 .rdata$zzz     0x000000014000a280       0x30 C:/msys64/ucrt64/bin/../lib/gcc/x86_64-w64-mingw32/14.2.0/../../../../lib/libmingw32.a(lib64_libmingw32_a-_newmode.o)
 .rdata$zzz     0x000000014000a2b0       0x30 C:/msys64/ucrt64/bin/../lib/gcc/x86_64-w64-mingw32/14.2.0/../../../../lib/libmingw32.a(lib64_libmingw32_a-tlssup.o)
 .rdata$zzz     0x000000014000a2e0       0x30 C:/msys64/ucrt64/bin/../lib/gcc/x86_64-w64-mingw32/14.2.0/../../../../lib/libmingw32.a(lib64_libmingw32_a-xncommod.o)
 .rdata$zzz     0x000000014000a310       0x30 C:/msys64/ucrt64/bin/../lib/gcc/x86_64-w64-mingw32/14.2.0/../../../../lib/libmingw32.a(lib64_libmingw32_a-cinitexe.o)
 .rdata$zzz     0x000000014000a340       0x30 C:/msys64/ucrt64/bin/../lib/gcc/x86_64-w64-mingw32/14.2.0/../../../../lib/libmingw32.a(lib64_libmingw32_a-merr.o)
 .rdata$zzz     0x000000014000a370       0x30 C:/msys64/ucrt64/bin/../lib/gcc/x86_64-w64-mingw32/14.2.0/../../../../lib/libmingw32.a(lib64_libmingw32_a-CRT_fp10.o)
 .rdata$zzz     0x000000014000a3a0       0x30 C:/msys64/ucrt64/bin/../lib/gcc/x86_64-w64-mingw32/14.2.0/../../../../lib/libmingw32.a(lib64_libmingw32_a-mingw_helpers.o)
 .rdata$zzz     0x000000014000a3d0       0x30 C:/msys64/ucrt64/bin/../lib/gcc/x86_64-w64-mingw32/14.2.0/../../../../lib/libmingw32.a(lib64_libmingw32_a-pseudo-reloc.o)
 .rdata$zzz     0x000000014000a400       0x30 C:/msys64/ucrt64/bin/../lib/gcc/x86_64-w64-mingw32/14.2.0/../../../../lib/libmingw32.a(lib64_libmingw32_a-usermatherr.o)
 .rdata$zzz     0x000000014000a430       0x30 C:/msys64/ucrt64/bin/../lib/gcc/x86_64-w64-mingw32/14.2.0/../../../../lib/libmingw32.a(lib64_libmingw32_a-xtxtmode.o)
 .rdata$zzz     0x000000014000a460       0x30 C:/msys64/ucrt64/bin/../lib/gcc/x86_64-w64-mingw32/14.2.0/../../../../lib/libmingw32.a(lib64_libmingw32_a-crt_handler.o)
 .rdata$zzz     0x000000014000a490       0x30 C:/msys64/ucrt64/bin/../lib/gcc/x86_64-w64-mingw32/14.2.0/../../../../lib/libmingw32.a(lib64_libmingw32_a-tlsthrd.o)
 .rdata$zzz     0x000000014000a4c0       0x30 C:/msys64/ucrt64/bin/../lib/gcc/x86_64-w64-mingw32/14.2.0/../../../../lib/libmingw32.a(lib64_libmingw32_a-tlsmcrt.o)
 .rdata$zzz     0x000000014000a4f0       0x30 C:/msys64/ucrt64/bin/../lib/gcc/x86_64-w64-mingw32/14.2.0/../../../../lib/libmingw32.a(lib64_libmingw32_a-pseudo-reloc-list.o)
 .rdata$zzz     0x000000014000a520       0x30 C:/msys64/ucrt64/bin/../lib/gcc/x86_64-w64-mingw32/14.2.0/../../../../lib/libmingw32.a(lib64_libmingw32_a-pesect.o)
 .rdata$zzz     0x000000014000a550       0x30 C:/msys64/ucrt64/bin/../lib/gcc/x86_64-w64-mingw32/14.2.0/libgcc.a(_ctors.o)
 .rdata$zzz     0x000000014000a580       0x30 C:/msys64/ucrt64/bin/../lib/gcc/x86_64-w64-mingw32/14.2.0/../../../../lib/libmingwex.a(lib64_libmingwex_a-mingw_matherr.o)
 .rdata$zzz     0x000000014000a5b0       0x30 C:/msys64/ucrt64/bin/../lib/gcc/x86_64-w64-mingw32/14.2.0/../../../../lib/libmingwex.a(lib64_libmingwex_a-mingw_usleep.o)
 .rdata$zzz     0x000000014000a5e0       0x30 C:/msys64/ucrt64/bin/../lib/gcc/x86_64-w64-mingw32/14.2.0/../../../../lib/libmsvcrt.a(lib64_libucrt_extra_a-ucrt_vfprintf.o)
 .rdata$zzz     0x000000014000a610       0x30 C:/msys64/ucrt64/bin/../lib/gcc/x86_64-w64-mingw32/14.2.0/../../../../lib/libmsvcrt.a(lib64_libucrt_extra_a-ucrt_sprintf.o)
 .rdata$zzz     0x000000014000a640       0x30 C:/msys64/ucrt64/bin/../lib/gcc/x86_64-w64-mingw32/14.2.0/../../../../lib/libmsvcrt.a(lib64_libucrt_extra_a-ucrt_snprintf.o)
 .rdata$zzz     0x000000014000a670       0x30 C:/msys64/ucrt64/bin/../lib/gcc/x86_64-w64-mingw32/14.2.0/../../../../lib/libmsvcrt.a(lib64_libucrt_extra_a-ucrt_printf.o)
 .rdata$zzz     0x000000014000a6a0       0x30 C:/msys64/ucrt64/bin/../lib/gcc/x86_64-w64-mingw32/14.2.0/../../../../lib/libmsvcrt.a(lib64_libucrt_extra_a-ucrt_fprintf.o)
 .rdata$zzz     0x000000014000a6d0       0x30 C:/msys64/ucrt64/bin/../lib/gcc/x86_64-w64-mingw32/14.2.0/../../../../lib/libmsvcrt.a(lib64_libucrt_extra_a-__p___initenv.o)
 .rdata$zzz     0x000000014000a700       0x30 C:/msys64/ucrt64/bin/../lib/gcc/x86_64-w64-mingw32/14.2.0/../../../../lib/libmsvcrt.a(lib64_libucrt_extra_a-ucrt_amsg_exit.o)
 .rdata$zzz     0x000000014000a730       0x30 C:/msys64/ucrt64/bin/../lib/gcc/x86_64-w64-mingw32/14.2.0/../../../../lib/libmsvcrt.a(lib64_libucrt_extra_a-ucrt__getmainargs.o)
 .rdata$zzz     0x000000014000a760       0x30 C:/msys64/ucrt64/bin/../lib/gcc/x86_64-w64-mingw32/14.2.0/../../../../lib/libmsvcrt.a(lib64_libucrt_extra_a-__initenv.o)
 .rdata$zzz     0x000000014000a790       0x30 C:/msys64/ucrt64/bin/../lib/gcc/x86_64-w64-mingw32/14.2.0/crtend.o
                0x000000014000a7c0                . = ALIGN (0x4)
                0x000000014000a7c0                __rt_psrelocs_start = .
 *(.rdata_runtime_pseudo_reloc)
                0x000000014000a7c0                __rt_psrelocs_end = .
                0x0000000000000000                __rt_psrelocs_size = (__rt_psrelocs_end - __rt_psrelocs_start)
                0x000000014000a7c0                ___RUNTIME_PSEUDO_RELOC_LIST_END__ = .
                0x000000014000a7c0                __RUNTIME_PSEUDO_RELOC_LIST_END__ = .
                0x000000014000a7c0                ___RUNTIME_PSEUDO_RELOC_LIST__ = (. - __rt_psrelocs_size)
                0x000000014000a7c0                __RUNTIME_PSEUDO_RELOC_LIST__ = (. - __rt_psrelocs_size)

.eh_frame
 *(.eh_frame*)

.pdata          0x000000014000b000      0x800
 *(.pdata*)
 .pdata         0x000000014000b000       0x54 C:/msys64/ucrt64/bin/../lib/gcc/x86_64-w64-mingw32/14.2.0/../../../../lib/crt2.o
 .pdata         0x000000014000b054       0x18 C:/msys64/ucrt64/bin/../lib/gcc/x86_64-w64-mingw32/14.2.0/crtbegin.o
 .pdata         0x000000014000b06c        0xc build/windows/main.o
 .pdata         0x000000014000b078       0x30 build/windows/emu.o
 .pdata         0x000000014000b0a8       0x3c build/windows/cart.o
 .pdata         0x000000014000b0e4       0x48 build/windows/cpu.o
 .pdata         0x000000014000b12c        0xc build/windows/cpu_fetch.o
 .pdata         0x000000014000b138      0x1ec build/windows/cpu_proc.o
 .pdata         0x000000014000b324       0x60 build/windows/cpu_util.o
 .pdata         0x000000014000b384       0x18 build/windows/instructions.o
 .pdata         0x000000014000b39c       0x24 build/windows/interrupts.o
 .pdata         0x000000014000b3c0       0x30 build/windows/ram.o
 .pdata         0x000000014000b3f0       0x18 build/windows/ppu.o
 .pdata         0x000000014000b408       0x30 build/windows/stack.o
 .pdata         0x000000014000b438       0x18 build/windows/timer.o
 .pdata         0x000000014000b450       0x24 build/windows/ui.o
 .pdata         0x000000014000b474       0x30 build/windows/bus.o
 .pdata         0x000000014000b4a4       0x24 C:/msys64/ucrt64/bin/../lib/gcc/x86_64-w64-mingw32/14.2.0/../../../../lib/libmingw32.a(lib64_libmingw32_a-gccmain.o)
 .pdata         0x000000014000b4c8        0xc C:/msys64/ucrt64/bin/../lib/gcc/x86_64-w64-mingw32/14.2.0/../../../../lib/libmingw32.a(lib64_libmingw32_a-dllargv.o)
 .pdata         0x000000014000b4d4       0x24 C:/msys64/ucrt64/bin/../lib/gcc/x86_64-w64-mingw32/14.2.0/../../../../lib/libmingw32.a(lib64_libmingw32_a-tlssup.o)
 .pdata         0x000000014000b4f8        0xc C:/msys64/ucrt64/bin/../lib/gcc/x86_64-w64-mingw32/14.2.0/../../../../lib/libmingw32.a(lib64_libmingw32_a-merr.o)
 .pdata         0x000000014000b504        0xc C:/msys64/ucrt64/bin/../lib/gcc/x86_64-w64-mingw32/14.2.0/../../../../lib/libmingw32.a(lib64_libmingw32_a-CRT_fp10.o)
 .pdata         0x000000014000b510       0x24 C:/msys64/ucrt64/bin/../lib/gcc/x86_64-w64-mingw32/14.2.0/../../../../lib/libmingw32.a(lib64_libmingw32_a-pseudo-reloc.o)
 .pdata         0x000000014000b534       0x18 C:/msys64/ucrt64/bin/../lib/gcc/x86_64-w64-mingw32/14.2.0/../../../../lib/libmingw32.a(lib64_libmingw32_a-usermatherr.o)
 .pdata         0x000000014000b54c        0xc C:/msys64/ucrt64/bin/../lib/gcc/x86_64-w64-mingw32/14.2.0/../../../../lib/libmingw32.a(lib64_libmingw32_a-crt_handler.o)
 .pdata         0x000000014000b558       0x30 C:/msys64/ucrt64/bin/../lib/gcc/x86_64-w64-mingw32/14.2.0/../../../../lib/libmingw32.a(lib64_libmingw32_a-tlsthrd.o)
 .pdata         0x000000014000b588       0x6c C:/msys64/ucrt64/bin/../lib/gcc/x86_64-w64-mingw32/14.2.0/../../../../lib/libmingw32.a(lib64_libmingw32_a-pesect.o)
 .pdata         0x000000014000b5f4        0xc C:/msys64/ucrt64/bin/../lib/gcc/x86_64-w64-mingw32/14.2.0/../../../../lib/libmingwex.a(lib64_libmingwex_a-mingw_usleep.o)
 .pdata         0x000000014000b600        0xc C:/msys64/ucrt64/bin/../lib/gcc/x86_64-w64-mingw32/14.2.0/../../../../lib/libmsvcrt.a(lib64_libucrt_extra_a-ucrt_vfprintf.o)
 .pdata         0x000000014000b60c        0xc C:/msys64/ucrt64/bin/../lib/gcc/x86_64-w64-mingw32/14.2.0/../../../../lib/libmsvcrt.a(lib64_libucrt_extra_a-ucrt_sprintf.o)
 .pdata         0x000000014000b618        0xc C:/msys64/ucrt64/bin/../lib/gcc/x86_64-w64-mingw32/14.2.0/../../../../lib/libmsvcrt.a(lib64_libucrt_extra_a-ucrt_snprintf.o)
 .pdata         0x000000014000b624        0xc C:/msys64/ucrt64/bin/../lib/gcc/x86_64-w64-mingw32/14.2.0/../../../../lib/libmsvcrt.a(lib64_libucrt_extra_a-ucrt_printf.o)
 .pdata         0x000000014000b630        0xc C:/msys64/ucrt64/bin/../lib/gcc/x86_64-w64-mingw32/14.2.0/../../../../lib/libmsvcrt.a(lib64_libucrt_extra_a-ucrt_fprintf.o)
 .pdata         0x000000014000b63c        0xc C:/msys64/ucrt64/bin/../lib/gcc/x86_64-w64-mingw32/14.2.0/../../../../lib/libmsvcrt.a(lib64_libucrt_extra_a-__p___initenv.o)
 .pdata         0x000000014000b648        0xc C:/msys64/ucrt64/bin/../lib/gcc/x86_64-w64-mingw32/14.2.0/../../../../lib/libmsvcrt.a(lib64_libucrt_extra_a-ucrt_amsg_exit.o)
 .pdata         0x000000014000b654        0xc C:/msys64/ucrt64/bin/../lib/gcc/x86_64-w64-mingw32/14.2.0/../../../../lib/libmsvcrt.a(lib64_libucrt_extra_a-ucrt__getmainargs.o)
 .pdata.startup
                0x000000014000b660        0xc C:/msys64/ucrt64/bin/../lib/gcc/x86_64-w64-mingw32/14.2.0/crtend.o

.xdata          0x000000014000c000      0x600
 *(.xdata*)
 .xdata         0x000000014000c000       0x68 C:/msys64/ucrt64/bin/../lib/gcc/x86_64-w64-mingw32/14.2.0/../../../../lib/crt2.o
 .xdata         0x000000014000c068        0x8 C:/msys64/ucrt64/bin/../lib/gcc/x86_64-w64-mingw32/14.2.0/crtbegin.o
 .xdata         0x000000014000c070        0xc build/windows/main.o
 .xdata         0x000000014000c07c       0x28 build/windows/emu.o
 .xdata         0x000000014000c0a4       0x30 build/windows/cart.o
 .xdata         0x000000014000c0d4       0x4c build/windows/cpu.o
 .xdata         0x000000014000c120        0xc build/windows/cpu_fetch.o
 .xdata         0x000000014000c12c      0x1d0 build/windows/cpu_proc.o
 .xdata         0x000000014000c2fc       0x50 build/windows/cpu_util.o
 .xdata         0x000000014000c34c       0x10 build/windows/instructions.o
 .xdata         0x000000014000c35c       0x24 build/windows/interrupts.o
 .xdata         0x000000014000c380       0x24 build/windows/ram.o
 .xdata         0x000000014000c3a4       0x10 build/windows/ppu.o
 .xdata         0x000000014000c3b4       0x30 build/windows/stack.o
 .xdata         0x000000014000c3e4       0x10 build/windows/timer.o
 .xdata         0x000000014000c3f4       0x24 build/windows/ui.o
 .xdata         0x000000014000c418       0x30 build/windows/bus.o
 .xdata         0x000000014000c448       0x18 C:/msys64/ucrt64/bin/../lib/gcc/x86_64-w64-mingw32/14.2.0/../../../../lib/libmingw32.a(lib64_libmingw32_a-gccmain.o)
 .xdata         0x000000014000c460        0x4 C:/msys64/ucrt64/bin/../lib/gcc/x86_64-w64-mingw32/14.2.0/../../../../lib/libmingw32.a(lib64_libmingw32_a-dllargv.o)
 .xdata         0x000000014000c464       0x14 C:/msys64/ucrt64/bin/../lib/gcc/x86_64-w64-mingw32/14.2.0/../../../../lib/libmingw32.a(lib64_libmingw32_a-tlssup.o)
 .xdata         0x000000014000c478       0x18 C:/msys64/ucrt64/bin/../lib/gcc/x86_64-w64-mingw32/14.2.0/../../../../lib/libmingw32.a(lib64_libmingw32_a-merr.o)
 .xdata         0x000000014000c490        0x4 C:/msys64/ucrt64/bin/../lib/gcc/x86_64-w64-mingw32/14.2.0/../../../../lib/libmingw32.a(lib64_libmingw32_a-CRT_fp10.o)
 .xdata         0x000000014000c494       0x30 C:/msys64/ucrt64/bin/../lib/gcc/x86_64-w64-mingw32/14.2.0/../../../../lib/libmingw32.a(lib64_libmingw32_a-pseudo-reloc.o)
 .xdata         0x000000014000c4c4        0xc C:/msys64/ucrt64/bin/../lib/gcc/x86_64-w64-mingw32/14.2.0/../../../../lib/libmingw32.a(lib64_libmingw32_a-usermatherr.o)
 .xdata         0x000000014000c4d0        0x8 C:/msys64/ucrt64/bin/../lib/gcc/x86_64-w64-mingw32/14.2.0/../../../../lib/libmingw32.a(lib64_libmingw32_a-crt_handler.o)
 .xdata         0x000000014000c4d8       0x30 C:/msys64/ucrt64/bin/../lib/gcc/x86_64-w64-mingw32/14.2.0/../../../../lib/libmingw32.a(lib64_libmingw32_a-tlsthrd.o)
 .xdata         0x000000014000c508       0x2c C:/msys64/ucrt64/bin/../lib/gcc/x86_64-w64-mingw32/14.2.0/../../../../lib/libmingw32.a(lib64_libmingw32_a-pesect.o)
 .xdata         0x000000014000c534        0x8 C:/msys64/ucrt64/bin/../lib/gcc/x86_64-w64-mingw32/14.2.0/../../../../lib/libmingwex.a(lib64_libmingwex_a-mingw_usleep.o)
 .xdata         0x000000014000c53c        0x8 C:/msys64/ucrt64/bin/../lib/gcc/x86_64-w64-mingw32/14.2.0/../../../../lib/libmsvcrt.a(lib64_libucrt_extra_a-ucrt_vfprintf.o)
 .xdata         0x000000014000c544        0x8 C:/msys64/ucrt64/bin/../lib/gcc/x86_64-w64-mingw32/14.2.0/../../../../lib/libmsvcrt.a(lib64_libucrt_extra_a-ucrt_sprintf.o)
 .xdata         0x000000014000c54c        0x8 C:/msys64/ucrt64/bin/../lib/gcc/x86_64-w64-mingw32/14.2.0/../../../../lib/libmsvcrt.a(lib64_libucrt_extra_a-ucrt_snprintf.o)
 .xdata         0x000000014000c554        0xc C:/msys64/ucrt64/bin/../lib/gcc/x86_64-w64-mingw32/14.2.0/../../../../lib/libmsvcrt.a(lib64_libucrt_extra_a-ucrt_printf.o)
 .xdata         0x000000014000c560        0x8 C:/msys64/ucrt64/bin/../lib/gcc/x86_64-w64-mingw32/14.2.0/../../../../lib/libmsvcrt.a(lib64_libucrt_extra_a-ucrt_fprintf.o)
 .xdata         0x000000014000c568        0x4 C:/msys64/ucrt64/bin/../lib/gcc/x86_64-w64-mingw32/14.2.0/../../../../lib/libmsvcrt.a(lib64_libucrt_extra_a-__p___initenv.o)
 .xdata         0x000000014000c56c        0x8 C:/msys64/ucrt64/bin/../lib/gcc/x86_64-w64-mingw32/14.2.0/../../../../lib/libmsvcrt.a(lib64_libucrt_extra_a-ucrt_amsg_exit.o)
 .xdata         0x000000014000c574       0x10 C:/msys64/ucrt64/bin/../lib/gcc/x86_64-w64-mingw32/14.2.0/../../../../lib/libmsvcrt.a(lib64_libucrt_extra_a-ucrt__getmainargs.o)
 .xdata.startup
                0x000000014000c584        0x4 C:/msys64/ucrt64/bin/../lib/gcc/x86_64-w64-mingw32/14.2.0/crtend.o

.bss            0x000000014000d000     0x26a0
                0x000000014000d000                __bss_start__ = .
 *(.bss)
 .bss           0x000000014000d000       0x30 C:/msys64/ucrt64/bin/../lib/gcc/x86_64-w64-mingw32/14.2.0/../../../../lib/crt2.o
                0x000000014000d000                __mingw_module_is_dll
 .bss           0x000000014000d030        0x0 C:/msys64/ucrt64/bin/../lib/gcc/x86_64-w64-mingw32/14.2.0/crtbegin.o
 .bss           0x000000014000d030        0x0 build/windows/main.o
 .bss           0x000000014000d030       0x10 build/windows/emu.o
 .bss           0x000000014000d040      0x420 build/windows/cart.o
 .bss           0x000000014000d460       0x40 build/windows/cpu.o
                0x000000014000d460                ctx
 .bss           0x000000014000d4a0        0x0 build/windows/cpu_fetch.o
 .bss           0x000000014000d4a0        0x0 build/windows/cpu_proc.o
 .bss           0x000000014000d4a0        0x0 build/windows/cpu_util.o
 .bss           0x000000014000d4a0        0x0 build/windows/instructions.o
 .bss           0x000000014000d4a0        0x0 build/windows/interrupts.o
 .bss           0x000000014000d4a0     0x2080 build/windows/ram.o
 .bss           0x000000014000f520        0x0 build/windows/ppu.o
 .bss           0x000000014000f520        0x0 build/windows/stack.o
 .bss           0x000000014000f520        0x0 build/windows/timer.o
 .bss           0x000000014000f520       0x20 build/windows/ui.o
                0x000000014000f520                sdlWindow
                0x000000014000f528                sdlRenderer
                0x000000014000f530                sdlTexture
                0x000000014000f538                screen
 .bss           0x000000014000f540        0x0 build/windows/bus.o
 .bss           0x000000014000f540       0x10 C:/msys64/ucrt64/bin/../lib/gcc/x86_64-w64-mingw32/14.2.0/../../../../lib/libmingw32.a(lib64_libmingw32_a-gccmain.o)
 .bss           0x000000014000f550       0x10 C:/msys64/ucrt64/bin/../lib/gcc/x86_64-w64-mingw32/14.2.0/../../../../lib/libmingw32.a(lib64_libmingw32_a-natstart.o)
                0x000000014000f550                __native_startup_lock
                0x000000014000f558                __native_startup_state
 .bss           0x000000014000f560       0x10 C:/msys64/ucrt64/bin/../lib/gcc/x86_64-w64-mingw32/14.2.0/../../../../lib/libmingw32.a(lib64_libmingw32_a-wildcard.o)
                0x000000014000f560                _dowildcard
 .bss           0x000000014000f570        0x0 C:/msys64/ucrt64/bin/../lib/gcc/x86_64-w64-mingw32/14.2.0/../../../../lib/libmingw32.a(lib64_libmingw32_a-dllargv.o)
 .bss           0x000000014000f570       0x10 C:/msys64/ucrt64/bin/../lib/gcc/x86_64-w64-mingw32/14.2.0/../../../../lib/libmingw32.a(lib64_libmingw32_a-_newmode.o)
                0x000000014000f570                _newmode
 .bss           0x000000014000f580       0x10 C:/msys64/ucrt64/bin/../lib/gcc/x86_64-w64-mingw32/14.2.0/../../../../lib/libmingw32.a(lib64_libmingw32_a-tlssup.o)
                0x000000014000f580                __mingw_initltssuo_force
                0x000000014000f584                __mingw_initltsdyn_force
                0x000000014000f588                __mingw_initltsdrot_force
                0x000000014000f58c                _tls_index
 .bss           0x000000014000f590       0x10 C:/msys64/ucrt64/bin/../lib/gcc/x86_64-w64-mingw32/14.2.0/../../../../lib/libmingw32.a(lib64_libmingw32_a-xncommod.o)
                0x000000014000f590                _commode
 .bss           0x000000014000f5a0        0x0 C:/msys64/ucrt64/bin/../lib/gcc/x86_64-w64-mingw32/14.2.0/../../../../lib/libmingw32.a(lib64_libmingw32_a-cinitexe.o)
 .bss           0x000000014000f5a0        0x0 C:/msys64/ucrt64/bin/../lib/gcc/x86_64-w64-mingw32/14.2.0/../../../../lib/libmingw32.a(lib64_libmingw32_a-merr.o)
 .bss           0x000000014000f5a0        0x0 C:/msys64/ucrt64/bin/../lib/gcc/x86_64-w64-mingw32/14.2.0/../../../../lib/libmingw32.a(lib64_libmingw32_a-CRT_fp10.o)
 .bss           0x000000014000f5a0       0x10 C:/msys64/ucrt64/bin/../lib/gcc/x86_64-w64-mingw32/14.2.0/../../../../lib/libmingw32.a(lib64_libmingw32_a-mingw_helpers.o)
                0x000000014000f5a0                __mingw_app_type
 .bss           0x000000014000f5b0       0x10 C:/msys64/ucrt64/bin/../lib/gcc/x86_64-w64-mingw32/14.2.0/../../../../lib/libmingw32.a(lib64_libmingw32_a-pseudo-reloc.o)
 .bss           0x000000014000f5c0       0x10 C:/msys64/ucrt64/bin/../lib/gcc/x86_64-w64-mingw32/14.2.0/../../../../lib/libmingw32.a(lib64_libmingw32_a-usermatherr.o)
 .bss           0x000000014000f5d0       0x10 C:/msys64/ucrt64/bin/../lib/gcc/x86_64-w64-mingw32/14.2.0/../../../../lib/libmingw32.a(lib64_libmingw32_a-xtxtmode.o)
                0x000000014000f5d0                _fmode
 .bss           0x000000014000f5e0       0x10 C:/msys64/ucrt64/bin/../lib/gcc/x86_64-w64-mingw32/14.2.0/../../../../lib/libmingw32.a(lib64_libmingw32_a-crt_handler.o)
                0x000000014000f5e0                __mingw_oldexcpt_handler
 *fill*         0x000000014000f5f0       0x10 
 .bss           0x000000014000f600       0x60 C:/msys64/ucrt64/bin/../lib/gcc/x86_64-w64-mingw32/14.2.0/../../../../lib/libmingw32.a(lib64_libmingw32_a-tlsthrd.o)
 .bss           0x000000014000f660        0x0 C:/msys64/ucrt64/bin/../lib/gcc/x86_64-w64-mingw32/14.2.0/../../../../lib/libmingw32.a(lib64_libmingw32_a-tlsmcrt.o)
 .bss           0x000000014000f660       0x10 C:/msys64/ucrt64/bin/../lib/gcc/x86_64-w64-mingw32/14.2.0/../../../../lib/libmingw32.a(lib64_libmingw32_a-pseudo-reloc-list.o)
 .bss           0x000000014000f670        0x0 C:/msys64/ucrt64/bin/../lib/gcc/x86_64-w64-mingw32/14.2.0/../../../../lib/libmingw32.a(lib64_libmingw32_a-pesect.o)
 .bss           0x000000014000f670        0x0 C:/msys64/ucrt64/bin/../lib/gcc/x86_64-w64-mingw32/14.2.0/libgcc.a(_chkstk_ms.o)
 .bss           0x000000014000f670       0x20 C:/msys64/ucrt64/bin/../lib/gcc/x86_64-w64-mingw32/14.2.0/libgcc.a(_ctors.o)
 .bss           0x000000014000f690        0x0 C:/msys64/ucrt64/bin/../lib/gcc/x86_64-w64-mingw32/14.2.0/../../../../lib/libmingwex.a(lib64_libmingwex_a-mingw_matherr.o)
 .bss           0x000000014000f690        0x0 C:/msys64/ucrt64/bin/../lib/gcc/x86_64-w64-mingw32/14.2.0/../../../../lib/libmingwex.a(lib64_libmingwex_a-mingw_usleep.o)
 .bss           0x000000014000f690        0x0 C:/msys64/ucrt64/bin/../lib/gcc/x86_64-w64-mingw32/14.2.0/../../../../lib/libmsvcrt.a(lib64_libucrt_extra_a-ucrt_vfprintf.o)
 .bss           0x000000014000f690        0x0 C:/msys64/ucrt64/bin/../lib/gcc/x86_64-w64-mingw32/14.2.0/../../../../lib/libmsvcrt.a(lib64_libucrt_extra_a-ucrt_sprintf.o)
 .bss           0x000000014000f690        0x0 C:/msys64/ucrt64/bin/../lib/gcc/x86_64-w64-mingw32/14.2.0/../../../../lib/libmsvcrt.a(lib64_libucrt_extra_a-ucrt_snprintf.o)
 .bss           0x000000014000f690        0x0 C:/msys64/ucrt64/bin/../lib/gcc/x86_64-w64-mingw32/14.2.0/../../../../lib/libmsvcrt.a(lib64_libucrt_extra_a-ucrt_printf.o)
 .bss           0x000000014000f690        0x0 C:/msys64/ucrt64/bin/../lib/gcc/x86_64-w64-mingw32/14.2.0/../../../../lib/libmsvcrt.a(lib64_libucrt_extra_a-ucrt_fprintf.o)
 .bss           0x000000014000f690        0x0 C:/msys64/ucrt64/bin/../lib/gcc/x86_64-w64-mingw32/14.2.0/../../../../lib/libmsvcrt.a(lib64_libucrt_extra_a-__p___initenv.o)
 .bss           0x000000014000f690        0x0 C:/msys64/ucrt64/bin/../lib/gcc/x86_64-w64-mingw32/14.2.0/../../../../lib/libmsvcrt.a(lib64_libucrt_extra_a-ucrt_amsg_exit.o)
 .bss           0x000000014000f690        0x0 C:/msys64/ucrt64/bin/../lib/gcc/x86_64-w64-mingw32/14.2.0/../../../../lib/libmsvcrt.a(lib64_libucrt_extra_a-ucrt__getmainargs.o)
 .bss           0x000000014000f690        0x0 C:/msys64/ucrt64/bin/../lib/gcc/x86_64-w64-mingw32/14.2.0/../../../../lib/libmsvcrt.a(libapi-ms-win-crt-string-l1-1-0s00167.o)
 .bss           0x000000014000f690        0x0 C:/msys64/ucrt64/bin/../lib/gcc/x86_64-w64-mingw32/14.2.0/../../../../lib/libmsvcrt.a(libapi-ms-win-crt-string-l1-1-0s00170.o)
 .bss           0x000000014000f690        0x0 C:/msys64/ucrt64/bin/../lib/gcc/x86_64-w64-mingw32/14.2.0/../../../../lib/libmsvcrt.a(libapi-ms-win-crt-string-l1-1-0h.o)
 .bss           0x000000014000f690        0x0 C:/msys64/ucrt64/bin/../lib/gcc/x86_64-w64-mingw32/14.2.0/../../../../lib/libmsvcrt.a(libapi-ms-win-crt-string-l1-1-0t.o)
 .bss           0x000000014000f690        0x0 C:/msys64/ucrt64/bin/../lib/gcc/x86_64-w64-mingw32/14.2.0/../../../../lib/libmsvcrt.a(libapi-ms-win-crt-stdio-l1-1-0s00000.o)
 .bss           0x000000014000f690        0x0 C:/msys64/ucrt64/bin/../lib/gcc/x86_64-w64-mingw32/14.2.0/../../../../lib/libmsvcrt.a(libapi-ms-win-crt-stdio-l1-1-0s00001.o)
 .bss           0x000000014000f690        0x0 C:/msys64/ucrt64/bin/../lib/gcc/x86_64-w64-mingw32/14.2.0/../../../../lib/libmsvcrt.a(libapi-ms-win-crt-stdio-l1-1-0s00002.o)
 .bss           0x000000014000f690        0x0 C:/msys64/ucrt64/bin/../lib/gcc/x86_64-w64-mingw32/14.2.0/../../../../lib/libmsvcrt.a(libapi-ms-win-crt-stdio-l1-1-0s00003.o)
 .bss           0x000000014000f690        0x0 C:/msys64/ucrt64/bin/../lib/gcc/x86_64-w64-mingw32/14.2.0/../../../../lib/libmsvcrt.a(libapi-ms-win-crt-stdio-l1-1-0s00013.o)
 .bss           0x000000014000f690        0x0 C:/msys64/ucrt64/bin/../lib/gcc/x86_64-w64-mingw32/14.2.0/../../../../lib/libmsvcrt.a(libapi-ms-win-crt-stdio-l1-1-0s00147.o)
 .bss           0x000000014000f690        0x0 C:/msys64/ucrt64/bin/../lib/gcc/x86_64-w64-mingw32/14.2.0/../../../../lib/libmsvcrt.a(libapi-ms-win-crt-stdio-l1-1-0s00157.o)
 .bss           0x000000014000f690        0x0 C:/msys64/ucrt64/bin/../lib/gcc/x86_64-w64-mingw32/14.2.0/../../../../lib/libmsvcrt.a(libapi-ms-win-crt-stdio-l1-1-0s00163.o)
 .bss           0x000000014000f690        0x0 C:/msys64/ucrt64/bin/../lib/gcc/x86_64-w64-mingw32/14.2.0/../../../../lib/libmsvcrt.a(libapi-ms-win-crt-stdio-l1-1-0s00167.o)
 .bss           0x000000014000f690        0x0 C:/msys64/ucrt64/bin/../lib/gcc/x86_64-w64-mingw32/14.2.0/../../../../lib/libmsvcrt.a(libapi-ms-win-crt-stdio-l1-1-0s00170.o)
 .bss           0x000000014000f690        0x0 C:/msys64/ucrt64/bin/../lib/gcc/x86_64-w64-mingw32/14.2.0/../../../../lib/libmsvcrt.a(libapi-ms-win-crt-stdio-l1-1-0s00171.o)
 .bss           0x000000014000f690        0x0 C:/msys64/ucrt64/bin/../lib/gcc/x86_64-w64-mingw32/14.2.0/../../../../lib/libmsvcrt.a(libapi-ms-win-crt-stdio-l1-1-0s00180.o)
 .bss           0x000000014000f690        0x0 C:/msys64/ucrt64/bin/../lib/gcc/x86_64-w64-mingw32/14.2.0/../../../../lib/libmsvcrt.a(libapi-ms-win-crt-stdio-l1-1-0s00183.o)
 .bss           0x000000014000f690        0x0 C:/msys64/ucrt64/bin/../lib/gcc/x86_64-w64-mingw32/14.2.0/../../../../lib/libmsvcrt.a(libapi-ms-win-crt-stdio-l1-1-0h.o)
 .bss           0x000000014000f690        0x0 C:/msys64/ucrt64/bin/../lib/gcc/x86_64-w64-mingw32/14.2.0/../../../../lib/libmsvcrt.a(libapi-ms-win-crt-stdio-l1-1-0t.o)
 .bss           0x000000014000f690        0x0 C:/msys64/ucrt64/bin/../lib/gcc/x86_64-w64-mingw32/14.2.0/../../../../lib/libmsvcrt.a(libapi-ms-win-crt-runtime-l1-1-0s00004.o)
 .bss           0x000000014000f690        0x0 C:/msys64/ucrt64/bin/../lib/gcc/x86_64-w64-mingw32/14.2.0/../../../../lib/libmsvcrt.a(libapi-ms-win-crt-runtime-l1-1-0s00005.o)
 .bss           0x000000014000f690        0x0 C:/msys64/ucrt64/bin/../lib/gcc/x86_64-w64-mingw32/14.2.0/../../../../lib/libmsvcrt.a(libapi-ms-win-crt-runtime-l1-1-0s00022.o)
 .bss           0x000000014000f690        0x0 C:/msys64/ucrt64/bin/../lib/gcc/x86_64-w64-mingw32/14.2.0/../../../../lib/libmsvcrt.a(libapi-ms-win-crt-runtime-l1-1-0s00024.o)
 .bss           0x000000014000f690        0x0 C:/msys64/ucrt64/bin/../lib/gcc/x86_64-w64-mingw32/14.2.0/../../../../lib/libmsvcrt.a(libapi-ms-win-crt-runtime-l1-1-0s00030.o)
 .bss           0x000000014000f690        0x0 C:/msys64/ucrt64/bin/../lib/gcc/x86_64-w64-mingw32/14.2.0/../../../../lib/libmsvcrt.a(libapi-ms-win-crt-runtime-l1-1-0s00036.o)
 .bss           0x000000014000f690        0x0 C:/msys64/ucrt64/bin/../lib/gcc/x86_64-w64-mingw32/14.2.0/../../../../lib/libmsvcrt.a(libapi-ms-win-crt-runtime-l1-1-0s00053.o)
 .bss           0x000000014000f690        0x0 C:/msys64/ucrt64/bin/../lib/gcc/x86_64-w64-mingw32/14.2.0/../../../../lib/libmsvcrt.a(libapi-ms-win-crt-runtime-l1-1-0s00056.o)
 .bss           0x000000014000f690        0x0 C:/msys64/ucrt64/bin/../lib/gcc/x86_64-w64-mingw32/14.2.0/../../../../lib/libmsvcrt.a(libapi-ms-win-crt-runtime-l1-1-0s00068.o)
 .bss           0x000000014000f690        0x0 C:/msys64/ucrt64/bin/../lib/gcc/x86_64-w64-mingw32/14.2.0/../../../../lib/libmsvcrt.a(libapi-ms-win-crt-runtime-l1-1-0s00074.o)
 .bss           0x000000014000f690        0x0 C:/msys64/ucrt64/bin/../lib/gcc/x86_64-w64-mingw32/14.2.0/../../../../lib/libmsvcrt.a(libapi-ms-win-crt-runtime-l1-1-0s00087.o)
 .bss           0x000000014000f690        0x0 C:/msys64/ucrt64/bin/../lib/gcc/x86_64-w64-mingw32/14.2.0/../../../../lib/libmsvcrt.a(libapi-ms-win-crt-runtime-l1-1-0s00088.o)
 .bss           0x000000014000f690        0x0 C:/msys64/ucrt64/bin/../lib/gcc/x86_64-w64-mingw32/14.2.0/../../../../lib/libmsvcrt.a(libapi-ms-win-crt-runtime-l1-1-0s00102.o)
 .bss           0x000000014000f690        0x0 C:/msys64/ucrt64/bin/../lib/gcc/x86_64-w64-mingw32/14.2.0/../../../../lib/libmsvcrt.a(libapi-ms-win-crt-runtime-l1-1-0h.o)
 .bss           0x000000014000f690        0x0 C:/msys64/ucrt64/bin/../lib/gcc/x86_64-w64-mingw32/14.2.0/../../../../lib/libmsvcrt.a(libapi-ms-win-crt-runtime-l1-1-0t.o)
 .bss           0x000000014000f690        0x0 C:/msys64/ucrt64/bin/../lib/gcc/x86_64-w64-mingw32/14.2.0/../../../../lib/libmsvcrt.a(libapi-ms-win-crt-private-l1-1-0s00015.o)
 .bss           0x000000014000f690        0x0 C:/msys64/ucrt64/bin/../lib/gcc/x86_64-w64-mingw32/14.2.0/../../../../lib/libmsvcrt.a(libapi-ms-win-crt-private-l1-1-0s01143.o)
 .bss           0x000000014000f690        0x0 C:/msys64/ucrt64/bin/../lib/gcc/x86_64-w64-mingw32/14.2.0/../../../../lib/libmsvcrt.a(libapi-ms-win-crt-private-l1-1-0h.o)
 .bss           0x000000014000f690        0x0 C:/msys64/ucrt64/bin/../lib/gcc/x86_64-w64-mingw32/14.2.0/../../../../lib/libmsvcrt.a(libapi-ms-win-crt-private-l1-1-0t.o)
 .bss           0x000000014000f690        0x0 C:/msys64/ucrt64/bin/../lib/gcc/x86_64-w64-mingw32/14.2.0/../../../../lib/libmsvcrt.a(libapi-ms-win-crt-math-l1-1-0s00009.o)
 .bss           0x000000014000f690        0x0 C:/msys64/ucrt64/bin/../lib/gcc/x86_64-w64-mingw32/14.2.0/../../../../lib/libmsvcrt.a(libapi-ms-win-crt-math-l1-1-0h.o)
 .bss           0x000000014000f690        0x0 C:/msys64/ucrt64/bin/../lib/gcc/x86_64-w64-mingw32/14.2.0/../../../../lib/libmsvcrt.a(libapi-ms-win-crt-math-l1-1-0t.o)
 .bss           0x000000014000f690        0x0 C:/msys64/ucrt64/bin/../lib/gcc/x86_64-w64-mingw32/14.2.0/../../../../lib/libmsvcrt.a(libapi-ms-win-crt-heap-l1-1-0s00023.o)
 .bss           0x000000014000f690        0x0 C:/msys64/ucrt64/bin/../lib/gcc/x86_64-w64-mingw32/14.2.0/../../../../lib/libmsvcrt.a(libapi-ms-win-crt-heap-l1-1-0s00024.o)
 .bss           0x000000014000f690        0x0 C:/msys64/ucrt64/bin/../lib/gcc/x86_64-w64-mingw32/14.2.0/../../../../lib/libmsvcrt.a(libapi-ms-win-crt-heap-l1-1-0s00025.o)
 .bss           0x000000014000f690        0x0 C:/msys64/ucrt64/bin/../lib/gcc/x86_64-w64-mingw32/14.2.0/../../../../lib/libmsvcrt.a(libapi-ms-win-crt-heap-l1-1-0s00026.o)
 .bss           0x000000014000f690        0x0 C:/msys64/ucrt64/bin/../lib/gcc/x86_64-w64-mingw32/14.2.0/../../../../lib/libmsvcrt.a(libapi-ms-win-crt-heap-l1-1-0h.o)
 .bss           0x000000014000f690        0x0 C:/msys64/ucrt64/bin/../lib/gcc/x86_64-w64-mingw32/14.2.0/../../../../lib/libmsvcrt.a(libapi-ms-win-crt-heap-l1-1-0t.o)
 .bss           0x000000014000f690        0x0 C:/msys64/ucrt64/bin/../lib/gcc/x86_64-w64-mingw32/14.2.0/../../../../lib/libmsvcrt.a(libapi-ms-win-crt-environment-l1-1-0s00000.o)
 .bss           0x000000014000f690        0x0 C:/msys64/ucrt64/bin/../lib/gcc/x86_64-w64-mingw32/14.2.0/../../../../lib/libmsvcrt.a(libapi-ms-win-crt-environment-l1-1-0h.o)
 .bss           0x000000014000f690        0x0 C:/msys64/ucrt64/bin/../lib/gcc/x86_64-w64-mingw32/14.2.0/../../../../lib/libmsvcrt.a(libapi-ms-win-crt-environment-l1-1-0t.o)
 .bss           0x000000014000f690       0x10 C:/msys64/ucrt64/bin/../lib/gcc/x86_64-w64-mingw32/14.2.0/../../../../lib/libmsvcrt.a(lib64_libucrt_extra_a-__initenv.o)
 .bss           0x000000014000f6a0        0x0 C:/msys64/ucrt64/bin/../lib/gcc/x86_64-w64-mingw32/14.2.0/../../../../lib/libkernel32.a(libkernel32s01530.o)
 .bss           0x000000014000f6a0        0x0 C:/msys64/ucrt64/bin/../lib/gcc/x86_64-w64-mingw32/14.2.0/../../../../lib/libkernel32.a(libkernel32s01528.o)
 .bss           0x000000014000f6a0        0x0 C:/msys64/ucrt64/bin/../lib/gcc/x86_64-w64-mingw32/14.2.0/../../../../lib/libkernel32.a(libkernel32s01481.o)
 .bss           0x000000014000f6a0        0x0 C:/msys64/ucrt64/bin/../lib/gcc/x86_64-w64-mingw32/14.2.0/../../../../lib/libkernel32.a(libkernel32s01445.o)
 .bss           0x000000014000f6a0        0x0 C:/msys64/ucrt64/bin/../lib/gcc/x86_64-w64-mingw32/14.2.0/../../../../lib/libkernel32.a(libkernel32s01429.o)
 .bss           0x000000014000f6a0        0x0 C:/msys64/ucrt64/bin/../lib/gcc/x86_64-w64-mingw32/14.2.0/../../../../lib/libkernel32.a(libkernel32s01009.o)
 .bss           0x000000014000f6a0        0x0 C:/msys64/ucrt64/bin/../lib/gcc/x86_64-w64-mingw32/14.2.0/../../../../lib/libkernel32.a(libkernel32s00915.o)
 .bss           0x000000014000f6a0        0x0 C:/msys64/ucrt64/bin/../lib/gcc/x86_64-w64-mingw32/14.2.0/../../../../lib/libkernel32.a(libkernel32s00645.o)
 .bss           0x000000014000f6a0        0x0 C:/msys64/ucrt64/bin/../lib/gcc/x86_64-w64-mingw32/14.2.0/../../../../lib/libkernel32.a(libkernel32s00332.o)
 .bss           0x000000014000f6a0        0x0 C:/msys64/ucrt64/bin/../lib/gcc/x86_64-w64-mingw32/14.2.0/../../../../lib/libkernel32.a(libkernel32s00294.o)
 .bss           0x000000014000f6a0        0x0 C:/msys64/ucrt64/bin/../lib/gcc/x86_64-w64-mingw32/14.2.0/../../../../lib/libkernel32.a(libkernel32h.o)
 .bss           0x000000014000f6a0        0x0 C:/msys64/ucrt64/bin/../lib/gcc/x86_64-w64-mingw32/14.2.0/../../../../lib/libkernel32.a(libkernel32t.o)
 .bss           0x000000014000f6a0        0x0 C:/msys64/ucrt64/bin/../lib/gcc/x86_64-w64-mingw32/14.2.0/crtend.o
 *(COMMON)
                0x000000014000f6a0                __bss_end__ = .

.edata
 *(.edata)

/DISCARD/
 *(.debug$S)
 *(.debug$T)
 *(.debug$F)
 *(.drectve)
 *(.note.GNU-stack)
 *(.gnu.lto_*)

.idata          0x0000000140010000      0xc00
 SORT_BY_NAME(*)(.idata$2)
 .idata$2       0x0000000140010000       0x14 C:/msys64/ucrt64/bin/../lib/gcc/x86_64-w64-mingw32/14.2.0/../../../../lib/libkernel32.a(libkernel32h.o)
                0x0000000140010000                _head_lib64_libkernel32_a
 .idata$2       0x0000000140010014       0x14 C:/msys64/ucrt64/bin/../lib/gcc/x86_64-w64-mingw32/14.2.0/../../../../lib/libmsvcrt.a(libapi-ms-win-crt-environment-l1-1-0h.o)
                0x0000000140010014                _head_lib64_libapi_ms_win_crt_environment_l1_1_0_a
 .idata$2       0x0000000140010028       0x14 C:/msys64/ucrt64/bin/../lib/gcc/x86_64-w64-mingw32/14.2.0/../../../../lib/libmsvcrt.a(libapi-ms-win-crt-heap-l1-1-0h.o)
                0x0000000140010028                _head_lib64_libapi_ms_win_crt_heap_l1_1_0_a